new:168:14:void* operator new(std::size_t, void*)	16	static
gthr-default.h:229:1:int __gthread_key_delete(__gthread_key_t)	16	static
basic_string.h:6388:3:float std::__cxx11::stof(const string&, std::size_t*)	16	static
file_loading.cpp:19:11:vector_2d read_data_from_file_with_comma(const string&, int)	560	static
file_loading.cpp:42:11:vector_1d read_data_from_file_with_new_line(const string&, int)	336	static
file_loading.cpp:58:16:std::vector<std::__cxx11::basic_string<char> > read_data_test_files(const string&)	304	static
file_loading.cpp:69:11:vector_1d scale(vector_1d)	72	static
file_loading.cpp:81:7:float find_max(vector_1d&)	24	static
file_loading.cpp:93:7:float find_min(vector_1d&)	24	static
file_loading.cpp:105:11:vector_1d min_max_scale(vector_1d&, float, float)	48	static
file_loading.cpp:122:11:vector_2d scale_matrix(vector_2d&)	72	static
file_loading.cpp:138:11:vector_2d min_max_scale_matrix(vector_2d&, float, float)	72	static
file_loading.cpp:154:11:vector_4d read_4d_matrix(std::vector<float>, int, int, int, int, int)	128	static
file_loading.cpp:173:11:vector_2d read_2d_matrix(std::vector<float>, int, int, int)	72	static
file_loading.cpp:186:11:vector_4d init_zero_4d_matrix(int, int, int, int)	88	static
file_loading.cpp:203:11:vector_2d init_zero_2d_matrix(int, int)	56	static
file_loading.cpp:212:21:std::vector<std::vector<int> > init_int_zero_2d_matrix(int, int)	56	static
string_conversions.h:63:2:)::_Save_errno::_Save_errno() [with _TRet = float; _Ret = float; _CharT = char; _Base = {}]	16	static
string_conversions.h:64:2:)::_Save_errno::~_Save_errno() [with _TRet = float; _Ret = float; _CharT = char; _Base = {}]	16	static
string_conversions.h:70:4:)::_Range_chk::_S_chk(_TRet, std::false_type) [with _TRet = float; _Ret = float; _CharT = char; _Base = {}]	16	static
string_conversions.h:54:5:) [with _TRet = float; _Ret = float; _CharT = char; _Base = {}]	56	static
stl_vector.h:259:7:std::vector<_Tp, _Alloc>::vector() [with _Tp = std::vector<float>; _Alloc = std::allocator<std::vector<float> >]	16	static
stl_vector.h:433:7:std::vector<_Tp, _Alloc>::~vector() [with _Tp = std::vector<float>; _Alloc = std::allocator<std::vector<float> >]	24	static
stl_vector.h:259:7:std::vector<_Tp, _Alloc>::vector() [with _Tp = float; _Alloc = std::allocator<float>]	16	static
stl_vector.h:433:7:std::vector<_Tp, _Alloc>::~vector() [with _Tp = float; _Alloc = std::allocator<float>]	24	static
stl_vector.h:939:7:void std::vector<_Tp, _Alloc>::push_back(const value_type&) [with _Tp = float; _Alloc = std::allocator<float>]	16	static
stl_vector.h:939:7:void std::vector<_Tp, _Alloc>::push_back(const value_type&) [with _Tp = std::vector<float>; _Alloc = std::allocator<std::vector<float> >]	16	static
move.h:98:5:constexpr typename std::remove_reference< <template-parameter-1-1> >::type&& std::move(_Tp&&) [with _Tp = std::vector<std::vector<float> >&]	16	static
stl_vector.h:344:7:std::vector<_Tp, _Alloc>::vector(std::vector<_Tp, _Alloc>&&) [with _Tp = std::vector<float>; _Alloc = std::allocator<std::vector<float> >]	24	static
allocator.h:131:7:std::allocator< <template-parameter-1-1> >::allocator() [with _Tp = float]	16	static
allocator.h:139:7:std::allocator< <template-parameter-1-1> >::~allocator() [with _Tp = float]	16	static
stl_vector.h:295:7:std::vector<_Tp, _Alloc>::vector(std::vector<_Tp, _Alloc>::size_type, const value_type&, const allocator_type&) [with _Tp = float; _Alloc = std::allocator<float>]	24	static
stl_vector.h:795:7:std::vector<_Tp, _Alloc>::reference std::vector<_Tp, _Alloc>::operator[](std::vector<_Tp, _Alloc>::size_type) [with _Tp = float; _Alloc = std::allocator<float>]	16	static
move.h:98:5:constexpr typename std::remove_reference< <template-parameter-1-1> >::type&& std::move(_Tp&&) [with _Tp = std::vector<float>&]	16	static
stl_vector.h:344:7:std::vector<_Tp, _Alloc>::vector(std::vector<_Tp, _Alloc>&&) [with _Tp = float; _Alloc = std::allocator<float>]	24	static
stl_vector.h:259:7:std::vector<_Tp, _Alloc>::vector() [with _Tp = std::__cxx11::basic_string<char>; _Alloc = std::allocator<std::__cxx11::basic_string<char> >]	16	static
stl_vector.h:939:7:void std::vector<_Tp, _Alloc>::push_back(const value_type&) [with _Tp = std::__cxx11::basic_string<char>; _Alloc = std::allocator<std::__cxx11::basic_string<char> >]	16	static
stl_vector.h:563:7:std::vector<_Tp, _Alloc>::iterator std::vector<_Tp, _Alloc>::begin() [with _Tp = float; _Alloc = std::allocator<float>]	24	static
stl_vector.h:581:7:std::vector<_Tp, _Alloc>::iterator std::vector<_Tp, _Alloc>::end() [with _Tp = float; _Alloc = std::allocator<float>]	24	static
stl_numeric.h:120:5:_Tp std::accumulate(_InputIterator, _InputIterator, _Tp) [with _InputIterator = __gnu_cxx::__normal_iterator<float*, std::vector<float> >; _Tp = double]	32	static
stl_vector.h:670:7:std::vector<_Tp, _Alloc>::size_type std::vector<_Tp, _Alloc>::size() const [with _Tp = float; _Alloc = std::allocator<float>]	16	static
stl_numeric.h:174:5:_Tp std::inner_product(_InputIterator1, _InputIterator1, _InputIterator2, _Tp) [with _InputIterator1 = __gnu_cxx::__normal_iterator<float*, std::vector<float> >; _InputIterator2 = __gnu_cxx::__normal_iterator<float*, std::vector<float> >; _Tp = double]	48	static
stl_vector.h:326:7:std::vector<_Tp, _Alloc>::vector(const std::vector<_Tp, _Alloc>&) [with _Tp = float; _Alloc = std::allocator<float>]	40	static
stl_vector.h:795:7:std::vector<_Tp, _Alloc>::reference std::vector<_Tp, _Alloc>::operator[](std::vector<_Tp, _Alloc>::size_type) [with _Tp = std::vector<float>; _Alloc = std::allocator<std::vector<float> >]	16	static
stl_vector.h:670:7:std::vector<_Tp, _Alloc>::size_type std::vector<_Tp, _Alloc>::size() const [with _Tp = std::vector<float>; _Alloc = std::allocator<std::vector<float> >]	16	static
stl_vector.h:461:7:std::vector<_Tp, _Alloc>& std::vector<_Tp, _Alloc>::operator=(std::vector<_Tp, _Alloc>&&) [with _Tp = float; _Alloc = std::allocator<float>]	32	static
stl_vector.h:326:7:std::vector<_Tp, _Alloc>::vector(const std::vector<_Tp, _Alloc>&) [with _Tp = std::vector<float>; _Alloc = std::allocator<std::vector<float> >]	40	static
allocator.h:131:7:std::allocator< <template-parameter-1-1> >::allocator() [with _Tp = std::vector<float>]	16	static
allocator.h:139:7:std::allocator< <template-parameter-1-1> >::~allocator() [with _Tp = std::vector<float>]	16	static
stl_vector.h:295:7:std::vector<_Tp, _Alloc>::vector(std::vector<_Tp, _Alloc>::size_type, const value_type&, const allocator_type&) [with _Tp = std::vector<float>; _Alloc = std::allocator<std::vector<float> >]	24	static
allocator.h:131:7:std::allocator< <template-parameter-1-1> >::allocator() [with _Tp = std::vector<std::vector<float> >]	16	static
allocator.h:139:7:std::allocator< <template-parameter-1-1> >::~allocator() [with _Tp = std::vector<std::vector<float> >]	16	static
stl_vector.h:295:7:std::vector<_Tp, _Alloc>::vector(std::vector<_Tp, _Alloc>::size_type, const value_type&, const allocator_type&) [with _Tp = std::vector<std::vector<float> >; _Alloc = std::allocator<std::vector<std::vector<float> > >]	24	static
stl_vector.h:433:7:std::vector<_Tp, _Alloc>::~vector() [with _Tp = std::vector<std::vector<float> >; _Alloc = std::allocator<std::vector<std::vector<float> > >]	24	static
allocator.h:131:7:std::allocator< <template-parameter-1-1> >::allocator() [with _Tp = std::vector<std::vector<std::vector<float> > >]	16	static
allocator.h:139:7:std::allocator< <template-parameter-1-1> >::~allocator() [with _Tp = std::vector<std::vector<std::vector<float> > >]	16	static
stl_vector.h:295:7:std::vector<_Tp, _Alloc>::vector(std::vector<_Tp, _Alloc>::size_type, const value_type&, const allocator_type&) [with _Tp = std::vector<std::vector<std::vector<float> > >; _Alloc = std::allocator<std::vector<std::vector<std::vector<float> > > >]	24	static
stl_vector.h:795:7:std::vector<_Tp, _Alloc>::reference std::vector<_Tp, _Alloc>::operator[](std::vector<_Tp, _Alloc>::size_type) [with _Tp = std::vector<std::vector<std::vector<float> > >; _Alloc = std::allocator<std::vector<std::vector<std::vector<float> > > >]	16	static
stl_vector.h:795:7:std::vector<_Tp, _Alloc>::reference std::vector<_Tp, _Alloc>::operator[](std::vector<_Tp, _Alloc>::size_type) [with _Tp = std::vector<std::vector<float> >; _Alloc = std::allocator<std::vector<std::vector<float> > >]	16	static
stl_vector.h:259:7:std::vector<_Tp, _Alloc>::vector() [with _Tp = std::vector<std::vector<std::vector<float> > >; _Alloc = std::allocator<std::vector<std::vector<std::vector<float> > > >]	16	static
stl_vector.h:259:7:std::vector<_Tp, _Alloc>::vector() [with _Tp = std::vector<std::vector<float> >; _Alloc = std::allocator<std::vector<std::vector<float> > >]	16	static
stl_vector.h:939:7:void std::vector<_Tp, _Alloc>::push_back(const value_type&) [with _Tp = std::vector<std::vector<float> >; _Alloc = std::allocator<std::vector<std::vector<float> > >]	16	static
stl_vector.h:939:7:void std::vector<_Tp, _Alloc>::push_back(const value_type&) [with _Tp = std::vector<std::vector<std::vector<float> > >; _Alloc = std::allocator<std::vector<std::vector<std::vector<float> > > >]	16	static
stl_vector.h:259:7:std::vector<_Tp, _Alloc>::vector() [with _Tp = std::vector<int>; _Alloc = std::allocator<std::vector<int> >]	16	static
allocator.h:131:7:std::allocator< <template-parameter-1-1> >::allocator() [with _Tp = int]	16	static
allocator.h:139:7:std::allocator< <template-parameter-1-1> >::~allocator() [with _Tp = int]	16	static
stl_vector.h:295:7:std::vector<_Tp, _Alloc>::vector(std::vector<_Tp, _Alloc>::size_type, const value_type&, const allocator_type&) [with _Tp = int; _Alloc = std::allocator<int>]	24	static
stl_vector.h:433:7:std::vector<_Tp, _Alloc>::~vector() [with _Tp = int; _Alloc = std::allocator<int>]	24	static
stl_vector.h:939:7:void std::vector<_Tp, _Alloc>::push_back(const value_type&) [with _Tp = std::vector<int>; _Alloc = std::allocator<std::vector<int> >]	16	static
stl_vector.h:81:14:std::_Vector_base<std::vector<float>, std::allocator<std::vector<float> > >::_Vector_impl::~_Vector_impl()	16	static
stl_vector.h:126:7:std::_Vector_base<_Tp, _Alloc>::_Vector_base() [with _Tp = std::vector<float>; _Alloc = std::allocator<std::vector<float> >]	16	static
stl_vector.h:161:7:std::_Vector_base<_Tp, _Alloc>::~_Vector_base() [with _Tp = std::vector<float>; _Alloc = std::allocator<std::vector<float> >]	16	static
stl_vector.h:115:7:std::_Vector_base<_Tp, _Alloc>::_Tp_alloc_type& std::_Vector_base<_Tp, _Alloc>::_M_get_Tp_allocator() [with _Tp = std::vector<float>; _Alloc = std::allocator<std::vector<float> >]	16	static
stl_construct.h:203:5:void std::_Destroy(_ForwardIterator, _ForwardIterator, std::allocator<_T2>&) [with _ForwardIterator = std::vector<float>*; _Tp = std::vector<float>]	24	static
stl_vector.h:81:14:std::_Vector_base<float, std::allocator<float> >::_Vector_impl::~_Vector_impl()	16	static
stl_vector.h:126:7:std::_Vector_base<_Tp, _Alloc>::_Vector_base() [with _Tp = float; _Alloc = std::allocator<float>]	16	static
stl_vector.h:161:7:std::_Vector_base<_Tp, _Alloc>::~_Vector_base() [with _Tp = float; _Alloc = std::allocator<float>]	16	static
stl_vector.h:115:7:std::_Vector_base<_Tp, _Alloc>::_Tp_alloc_type& std::_Vector_base<_Tp, _Alloc>::_M_get_Tp_allocator() [with _Tp = float; _Alloc = std::allocator<float>]	16	static
stl_construct.h:203:5:void std::_Destroy(_ForwardIterator, _ForwardIterator, std::allocator<_T2>&) [with _ForwardIterator = float*; _Tp = float]	24	static
move.h:73:5:constexpr _Tp&& std::forward(typename std::remove_reference<_From>::type&) [with _Tp = const float&]	16	static
alloc_traits.h:474:2:) [with _Up = float; _Args = {const float&}; _Tp = float]	24	static
vector.tcc:394:7:) [with _Args = {const float&}; _Tp = float; _Alloc = std::allocator<float>]	56	static
move.h:73:5:constexpr _Tp&& std::forward(typename std::remove_reference<_From>::type&) [with _Tp = const std::vector<float>&]	16	static
alloc_traits.h:474:2:) [with _Up = std::vector<float>; _Args = {const std::vector<float, std::allocator<float> >&}; _Tp = std::vector<float>]	24	static
stl_vector.h:581:7:std::vector<_Tp, _Alloc>::iterator std::vector<_Tp, _Alloc>::end() [with _Tp = std::vector<float>; _Alloc = std::allocator<std::vector<float> >]	24	static
vector.tcc:394:7:) [with _Args = {const std::vector<float, std::allocator<float> >&}; _Tp = std::vector<float>; _Alloc = std::allocator<std::vector<float> >]	56	static
stl_vector.h:144:7:std::_Vector_base<_Tp, _Alloc>::_Vector_base(std::_Vector_base<_Tp, _Alloc>&&) [with _Tp = std::vector<float>; _Alloc = std::allocator<std::vector<float> >]	24	static
new_allocator.h:79:7:__gnu_cxx::new_allocator<_Tp>::new_allocator() [with _Tp = float]	16	static
new_allocator.h:86:7:__gnu_cxx::new_allocator<_Tp>::~new_allocator() [with _Tp = float]	16	static
stl_vector.h:136:7:std::_Vector_base<_Tp, _Alloc>::_Vector_base(std::size_t, const allocator_type&) [with _Tp = float; _Alloc = std::allocator<float>]	24	static
stl_vector.h:1334:7:void std::vector<_Tp, _Alloc>::_M_fill_initialize(std::vector<_Tp, _Alloc>::size_type, const value_type&) [with _Tp = float; _Alloc = std::allocator<float>]	32	static
stl_vector.h:144:7:std::_Vector_base<_Tp, _Alloc>::_Vector_base(std::_Vector_base<_Tp, _Alloc>&&) [with _Tp = float; _Alloc = std::allocator<float>]	24	static
stl_vector.h:126:7:std::_Vector_base<_Tp, _Alloc>::_Vector_base() [with _Tp = std::__cxx11::basic_string<char>; _Alloc = std::allocator<std::__cxx11::basic_string<char> >]	16	static
stl_vector.h:115:7:std::_Vector_base<_Tp, _Alloc>::_Tp_alloc_type& std::_Vector_base<_Tp, _Alloc>::_M_get_Tp_allocator() [with _Tp = std::__cxx11::basic_string<char>; _Alloc = std::allocator<std::__cxx11::basic_string<char> >]	16	static
stl_construct.h:203:5:void std::_Destroy(_ForwardIterator, _ForwardIterator, std::allocator<_T2>&) [with _ForwardIterator = std::__cxx11::basic_string<char>*; _Tp = std::__cxx11::basic_string<char>]	24	static
move.h:73:5:constexpr _Tp&& std::forward(typename std::remove_reference<_From>::type&) [with _Tp = const std::__cxx11::basic_string<char>&]	16	static
alloc_traits.h:474:2:) [with _Up = std::__cxx11::basic_string<char>; _Args = {const std::__cxx11::basic_string<char, std::char_traits<char>, std::allocator<char> >&}; _Tp = std::__cxx11::basic_string<char>]	24	static
stl_vector.h:581:7:std::vector<_Tp, _Alloc>::iterator std::vector<_Tp, _Alloc>::end() [with _Tp = std::__cxx11::basic_string<char>; _Alloc = std::allocator<std::__cxx11::basic_string<char> >]	24	static
vector.tcc:394:7:) [with _Args = {const std::__cxx11::basic_string<char, std::char_traits<char>, std::allocator<char> >&}; _Tp = std::__cxx11::basic_string<char>; _Alloc = std::allocator<std::__cxx11::basic_string<char> >]	56	static
stl_iterator.h:779:7:__gnu_cxx::__normal_iterator<_Iterator, _Container>::__normal_iterator(const _Iterator&) [with _Iterator = float*; _Container = std::vector<float>]	16	static
stl_iterator.h:880:5:bool __gnu_cxx::operator!=(const __gnu_cxx::__normal_iterator<_Iterator, _Container>&, const __gnu_cxx::__normal_iterator<_Iterator, _Container>&) [with _Iterator = float*; _Container = std::vector<float>]	24	static
stl_iterator.h:800:7:__gnu_cxx::__normal_iterator<_Iterator, _Container>& __gnu_cxx::__normal_iterator<_Iterator, _Container>::operator++() [with _Iterator = float*; _Container = std::vector<float>]	16	static
stl_iterator.h:792:7:__gnu_cxx::__normal_iterator<_Iterator, _Container>::reference __gnu_cxx::__normal_iterator<_Iterator, _Container>::operator*() const [with _Iterator = float*; _Container = std::vector<float>]	16	static
alloc_traits.h:94:19:static _Alloc __gnu_cxx::__alloc_traits<_Alloc>::_S_select_on_copy(const _Alloc&) [with _Alloc = std::allocator<float>]	16	static
stl_vector.h:119:7:const _Tp_alloc_type& std::_Vector_base<_Tp, _Alloc>::_M_get_Tp_allocator() const [with _Tp = float; _Alloc = std::allocator<float>]	16	static
stl_vector.h:572:7:std::vector<_Tp, _Alloc>::const_iterator std::vector<_Tp, _Alloc>::begin() const [with _Tp = float; _Alloc = std::allocator<float>]	24	static
stl_vector.h:590:7:std::vector<_Tp, _Alloc>::const_iterator std::vector<_Tp, _Alloc>::end() const [with _Tp = float; _Alloc = std::allocator<float>]	24	static
stl_uninitialized.h:287:5:_ForwardIterator std::__uninitialized_copy_a(_InputIterator, _InputIterator, _ForwardIterator, std::allocator<_Tp>&) [with _InputIterator = __gnu_cxx::__normal_iterator<const float*, std::vector<float> >; _ForwardIterator = float*; _Tp = float]	24	static
stl_vector.h:1529:7:void std::vector<_Tp, _Alloc>::_M_move_assign(std::vector<_Tp, _Alloc>&&, std::true_type) [with _Tp = float; _Alloc = std::allocator<float>]	48	static
alloc_traits.h:94:19:static _Alloc __gnu_cxx::__alloc_traits<_Alloc>::_S_select_on_copy(const _Alloc&) [with _Alloc = std::allocator<std::vector<float> >]	16	static
stl_vector.h:119:7:const _Tp_alloc_type& std::_Vector_base<_Tp, _Alloc>::_M_get_Tp_allocator() const [with _Tp = std::vector<float>; _Alloc = std::allocator<std::vector<float> >]	16	static
stl_vector.h:136:7:std::_Vector_base<_Tp, _Alloc>::_Vector_base(std::size_t, const allocator_type&) [with _Tp = std::vector<float>; _Alloc = std::allocator<std::vector<float> >]	24	static
stl_vector.h:572:7:std::vector<_Tp, _Alloc>::const_iterator std::vector<_Tp, _Alloc>::begin() const [with _Tp = std::vector<float>; _Alloc = std::allocator<std::vector<float> >]	24	static
stl_vector.h:590:7:std::vector<_Tp, _Alloc>::const_iterator std::vector<_Tp, _Alloc>::end() const [with _Tp = std::vector<float>; _Alloc = std::allocator<std::vector<float> >]	24	static
stl_uninitialized.h:287:5:_ForwardIterator std::__uninitialized_copy_a(_InputIterator, _InputIterator, _ForwardIterator, std::allocator<_Tp>&) [with _InputIterator = __gnu_cxx::__normal_iterator<const std::vector<float>*, std::vector<std::vector<float> > >; _ForwardIterator = std::vector<float>*; _Tp = std::vector<float>]	24	static
new_allocator.h:79:7:__gnu_cxx::new_allocator<_Tp>::new_allocator() [with _Tp = std::vector<float>]	16	static
new_allocator.h:86:7:__gnu_cxx::new_allocator<_Tp>::~new_allocator() [with _Tp = std::vector<float>]	16	static
stl_vector.h:1334:7:void std::vector<_Tp, _Alloc>::_M_fill_initialize(std::vector<_Tp, _Alloc>::size_type, const value_type&) [with _Tp = std::vector<float>; _Alloc = std::allocator<std::vector<float> >]	32	static
new_allocator.h:79:7:__gnu_cxx::new_allocator<_Tp>::new_allocator() [with _Tp = std::vector<std::vector<float> >]	16	static
new_allocator.h:86:7:__gnu_cxx::new_allocator<_Tp>::~new_allocator() [with _Tp = std::vector<std::vector<float> >]	16	static
stl_vector.h:81:14:std::_Vector_base<std::vector<std::vector<float> >, std::allocator<std::vector<std::vector<float> > > >::_Vector_impl::~_Vector_impl()	16	static
stl_vector.h:136:7:std::_Vector_base<_Tp, _Alloc>::_Vector_base(std::size_t, const allocator_type&) [with _Tp = std::vector<std::vector<float> >; _Alloc = std::allocator<std::vector<std::vector<float> > >]	24	static
stl_vector.h:161:7:std::_Vector_base<_Tp, _Alloc>::~_Vector_base() [with _Tp = std::vector<std::vector<float> >; _Alloc = std::allocator<std::vector<std::vector<float> > >]	16	static
stl_vector.h:1334:7:void std::vector<_Tp, _Alloc>::_M_fill_initialize(std::vector<_Tp, _Alloc>::size_type, const value_type&) [with _Tp = std::vector<std::vector<float> >; _Alloc = std::allocator<std::vector<std::vector<float> > >]	32	static
stl_vector.h:115:7:std::_Vector_base<_Tp, _Alloc>::_Tp_alloc_type& std::_Vector_base<_Tp, _Alloc>::_M_get_Tp_allocator() [with _Tp = std::vector<std::vector<float> >; _Alloc = std::allocator<std::vector<std::vector<float> > >]	16	static
stl_construct.h:203:5:void std::_Destroy(_ForwardIterator, _ForwardIterator, std::allocator<_T2>&) [with _ForwardIterator = std::vector<std::vector<float> >*; _Tp = std::vector<std::vector<float> >]	24	static
new_allocator.h:79:7:__gnu_cxx::new_allocator<_Tp>::new_allocator() [with _Tp = std::vector<std::vector<std::vector<float> > >]	16	static
new_allocator.h:86:7:__gnu_cxx::new_allocator<_Tp>::~new_allocator() [with _Tp = std::vector<std::vector<std::vector<float> > >]	16	static
stl_vector.h:136:7:std::_Vector_base<_Tp, _Alloc>::_Vector_base(std::size_t, const allocator_type&) [with _Tp = std::vector<std::vector<std::vector<float> > >; _Alloc = std::allocator<std::vector<std::vector<std::vector<float> > > >]	24	static
stl_vector.h:1334:7:void std::vector<_Tp, _Alloc>::_M_fill_initialize(std::vector<_Tp, _Alloc>::size_type, const value_type&) [with _Tp = std::vector<std::vector<std::vector<float> > >; _Alloc = std::allocator<std::vector<std::vector<std::vector<float> > > >]	32	static
stl_vector.h:115:7:std::_Vector_base<_Tp, _Alloc>::_Tp_alloc_type& std::_Vector_base<_Tp, _Alloc>::_M_get_Tp_allocator() [with _Tp = std::vector<std::vector<std::vector<float> > >; _Alloc = std::allocator<std::vector<std::vector<std::vector<float> > > >]	16	static
stl_construct.h:203:5:void std::_Destroy(_ForwardIterator, _ForwardIterator, std::allocator<_T2>&) [with _ForwardIterator = std::vector<std::vector<std::vector<float> > >*; _Tp = std::vector<std::vector<std::vector<float> > >]	24	static
stl_vector.h:126:7:std::_Vector_base<_Tp, _Alloc>::_Vector_base() [with _Tp = std::vector<std::vector<std::vector<float> > >; _Alloc = std::allocator<std::vector<std::vector<std::vector<float> > > >]	16	static
stl_vector.h:126:7:std::_Vector_base<_Tp, _Alloc>::_Vector_base() [with _Tp = std::vector<std::vector<float> >; _Alloc = std::allocator<std::vector<std::vector<float> > >]	16	static
move.h:73:5:constexpr _Tp&& std::forward(typename std::remove_reference<_From>::type&) [with _Tp = const std::vector<std::vector<float> >&]	16	static
alloc_traits.h:474:2:) [with _Up = std::vector<std::vector<float> >; _Args = {const std::vector<std::vector<float, std::allocator<float> >, std::allocator<std::vector<float, std::allocator<float> > > >&}; _Tp = std::vector<std::vector<float> >]	24	static
stl_vector.h:581:7:std::vector<_Tp, _Alloc>::iterator std::vector<_Tp, _Alloc>::end() [with _Tp = std::vector<std::vector<float> >; _Alloc = std::allocator<std::vector<std::vector<float> > >]	24	static
vector.tcc:394:7:) [with _Args = {const std::vector<std::vector<float, std::allocator<float> >, std::allocator<std::vector<float, std::allocator<float> > > >&}; _Tp = std::vector<std::vector<float> >; _Alloc = std::allocator<std::vector<std::vector<float> > >]	56	static
move.h:73:5:constexpr _Tp&& std::forward(typename std::remove_reference<_From>::type&) [with _Tp = const std::vector<std::vector<std::vector<float> > >&]	16	static
alloc_traits.h:474:2:) [with _Up = std::vector<std::vector<std::vector<float> > >; _Args = {const std::vector<std::vector<std::vector<float, std::allocator<float> >, std::allocator<std::vector<float, std::allocator<float> > > >, std::allocator<std::vector<std::vector<float, std::allocator<float> >, std::allocator<std::vector<float, std::allocator<float> > > > > >&}; _Tp = std::vector<std::vector<std::vector<float> > >]	24	static
stl_vector.h:581:7:std::vector<_Tp, _Alloc>::iterator std::vector<_Tp, _Alloc>::end() [with _Tp = std::vector<std::vector<std::vector<float> > >; _Alloc = std::allocator<std::vector<std::vector<std::vector<float> > > >]	24	static
vector.tcc:394:7:) [with _Args = {const std::vector<std::vector<std::vector<float, std::allocator<float> >, std::allocator<std::vector<float, std::allocator<float> > > >, std::allocator<std::vector<std::vector<float, std::allocator<float> >, std::allocator<std::vector<float, std::allocator<float> > > > > >&}; _Tp = std::vector<std::vector<std::vector<float> > >; _Alloc = std::allocator<std::vector<std::vector<std::vector<float> > > >]	56	static
stl_vector.h:126:7:std::_Vector_base<_Tp, _Alloc>::_Vector_base() [with _Tp = std::vector<int>; _Alloc = std::allocator<std::vector<int> >]	16	static
stl_vector.h:115:7:std::_Vector_base<_Tp, _Alloc>::_Tp_alloc_type& std::_Vector_base<_Tp, _Alloc>::_M_get_Tp_allocator() [with _Tp = std::vector<int>; _Alloc = std::allocator<std::vector<int> >]	16	static
stl_construct.h:203:5:void std::_Destroy(_ForwardIterator, _ForwardIterator, std::allocator<_T2>&) [with _ForwardIterator = std::vector<int>*; _Tp = std::vector<int>]	24	static
new_allocator.h:79:7:__gnu_cxx::new_allocator<_Tp>::new_allocator() [with _Tp = int]	16	static
new_allocator.h:86:7:__gnu_cxx::new_allocator<_Tp>::~new_allocator() [with _Tp = int]	16	static
stl_vector.h:81:14:std::_Vector_base<int, std::allocator<int> >::_Vector_impl::~_Vector_impl()	16	static
stl_vector.h:136:7:std::_Vector_base<_Tp, _Alloc>::_Vector_base(std::size_t, const allocator_type&) [with _Tp = int; _Alloc = std::allocator<int>]	24	static
stl_vector.h:161:7:std::_Vector_base<_Tp, _Alloc>::~_Vector_base() [with _Tp = int; _Alloc = std::allocator<int>]	16	static
stl_vector.h:1334:7:void std::vector<_Tp, _Alloc>::_M_fill_initialize(std::vector<_Tp, _Alloc>::size_type, const value_type&) [with _Tp = int; _Alloc = std::allocator<int>]	32	static
stl_vector.h:115:7:std::_Vector_base<_Tp, _Alloc>::_Tp_alloc_type& std::_Vector_base<_Tp, _Alloc>::_M_get_Tp_allocator() [with _Tp = int; _Alloc = std::allocator<int>]	16	static
stl_construct.h:203:5:void std::_Destroy(_ForwardIterator, _ForwardIterator, std::allocator<_T2>&) [with _ForwardIterator = int*; _Tp = int]	24	static
move.h:73:5:constexpr _Tp&& std::forward(typename std::remove_reference<_From>::type&) [with _Tp = const std::vector<int>&]	16	static
alloc_traits.h:474:2:) [with _Up = std::vector<int>; _Args = {const std::vector<int, std::allocator<int> >&}; _Tp = std::vector<int>]	24	static
stl_vector.h:581:7:std::vector<_Tp, _Alloc>::iterator std::vector<_Tp, _Alloc>::end() [with _Tp = std::vector<int>; _Alloc = std::allocator<std::vector<int> >]	24	static
vector.tcc:394:7:) [with _Args = {const std::vector<int, std::allocator<int> >&}; _Tp = std::vector<int>; _Alloc = std::allocator<std::vector<int> >]	56	static
stl_vector.h:88:2:std::_Vector_base<_Tp, _Alloc>::_Vector_impl::_Vector_impl() [with _Tp = std::vector<float>; _Alloc = std::allocator<std::vector<float> >]	16	static
stl_vector.h:176:7:void std::_Vector_base<_Tp, _Alloc>::_M_deallocate(std::_Vector_base<_Tp, _Alloc>::pointer, std::size_t) [with _Tp = std::vector<float>; _Alloc = std::allocator<std::vector<float> >]	24	static
stl_construct.h:127:5:void std::_Destroy(_ForwardIterator, _ForwardIterator) [with _ForwardIterator = std::vector<float>*]	16	static
stl_vector.h:88:2:std::_Vector_base<_Tp, _Alloc>::_Vector_impl::_Vector_impl() [with _Tp = float; _Alloc = std::allocator<float>]	16	static
stl_vector.h:176:7:void std::_Vector_base<_Tp, _Alloc>::_M_deallocate(std::_Vector_base<_Tp, _Alloc>::pointer, std::size_t) [with _Tp = float; _Alloc = std::allocator<float>]	24	static
stl_construct.h:127:5:void std::_Destroy(_ForwardIterator, _ForwardIterator) [with _ForwardIterator = float*]	16	static
new_allocator.h:135:2:) [with _Up = float; _Args = {const float&}; _Tp = float]	32	static
stl_vector.h:1497:7:std::vector<_Tp, _Alloc>::size_type std::vector<_Tp, _Alloc>::_M_check_len(std::vector<_Tp, _Alloc>::size_type, const char*) const [with _Tp = float; _Alloc = std::allocator<float>]	40	static
stl_iterator.h:962:5:typename __gnu_cxx::__normal_iterator<_Iterator, _Container>::difference_type __gnu_cxx::operator-(const __gnu_cxx::__normal_iterator<_Iterator, _Container>&, const __gnu_cxx::__normal_iterator<_Iterator, _Container>&) [with _Iterator = float*; _Container = std::vector<float>]	24	static
stl_vector.h:169:7:std::_Vector_base<_Tp, _Alloc>::pointer std::_Vector_base<_Tp, _Alloc>::_M_allocate(std::size_t) [with _Tp = float; _Alloc = std::allocator<float>]	16	static
stl_iterator.h:844:7:const _Iterator& __gnu_cxx::__normal_iterator<_Iterator, _Container>::base() const [with _Iterator = float*; _Container = std::vector<float>]	16	static
stl_uninitialized.h:305:5:_ForwardIterator std::__uninitialized_move_if_noexcept_a(_InputIterator, _InputIterator, _ForwardIterator, _Allocator&) [with _InputIterator = float*; _ForwardIterator = float*; _Allocator = std::allocator<float>]	32	static
new_allocator.h:135:2:) [with _Up = std::vector<float>; _Args = {const std::vector<float, std::allocator<float> >&}; _Tp = std::vector<float>]	32	static
stl_iterator.h:779:7:__gnu_cxx::__normal_iterator<_Iterator, _Container>::__normal_iterator(const _Iterator&) [with _Iterator = std::vector<float>*; _Container = std::vector<std::vector<float> >]	16	static
stl_vector.h:1497:7:std::vector<_Tp, _Alloc>::size_type std::vector<_Tp, _Alloc>::_M_check_len(std::vector<_Tp, _Alloc>::size_type, const char*) const [with _Tp = std::vector<float>; _Alloc = std::allocator<std::vector<float> >]	40	static
stl_vector.h:563:7:std::vector<_Tp, _Alloc>::iterator std::vector<_Tp, _Alloc>::begin() [with _Tp = std::vector<float>; _Alloc = std::allocator<std::vector<float> >]	24	static
stl_iterator.h:962:5:typename __gnu_cxx::__normal_iterator<_Iterator, _Container>::difference_type __gnu_cxx::operator-(const __gnu_cxx::__normal_iterator<_Iterator, _Container>&, const __gnu_cxx::__normal_iterator<_Iterator, _Container>&) [with _Iterator = std::vector<float>*; _Container = std::vector<std::vector<float> >]	24	static
stl_vector.h:169:7:std::_Vector_base<_Tp, _Alloc>::pointer std::_Vector_base<_Tp, _Alloc>::_M_allocate(std::size_t) [with _Tp = std::vector<float>; _Alloc = std::allocator<std::vector<float> >]	16	static
stl_iterator.h:844:7:const _Iterator& __gnu_cxx::__normal_iterator<_Iterator, _Container>::base() const [with _Iterator = std::vector<float>*; _Container = std::vector<std::vector<float> >]	16	static
stl_uninitialized.h:305:5:_ForwardIterator std::__uninitialized_move_if_noexcept_a(_InputIterator, _InputIterator, _ForwardIterator, _Allocator&) [with _InputIterator = std::vector<float>*; _ForwardIterator = std::vector<float>*; _Allocator = std::allocator<std::vector<float> >]	32	static
move.h:98:5:constexpr typename std::remove_reference< <template-parameter-1-1> >::type&& std::move(_Tp&&) [with _Tp = std::allocator<std::vector<float> >&]	16	static
stl_vector.h:97:2:std::_Vector_base<_Tp, _Alloc>::_Vector_impl::_Vector_impl(std::_Vector_base<_Tp, _Alloc>::_Tp_alloc_type&&) [with _Tp = std::vector<float>; _Alloc = std::allocator<std::vector<float> >]	16	static
stl_vector.h:103:7:void std::_Vector_base<_Tp, _Alloc>::_Vector_impl::_M_swap_data(std::_Vector_base<_Tp, _Alloc>::_Vector_impl&) [with _Tp = std::vector<float>; _Alloc = std::allocator<std::vector<float> >]	16	static
stl_vector.h:92:2:std::_Vector_base<_Tp, _Alloc>::_Vector_impl::_Vector_impl(const _Tp_alloc_type&) [with _Tp = float; _Alloc = std::allocator<float>]	16	static
stl_vector.h:185:7:void std::_Vector_base<_Tp, _Alloc>::_M_create_storage(std::size_t) [with _Tp = float; _Alloc = std::allocator<float>]	16	static
stl_uninitialized.h:364:5:_ForwardIterator std::__uninitialized_fill_n_a(_ForwardIterator, _Size, const _Tp&, std::allocator<_Tp2>&) [with _ForwardIterator = float*; _Size = unsigned int; _Tp = float; _Tp2 = float]	24	static
move.h:98:5:constexpr typename std::remove_reference< <template-parameter-1-1> >::type&& std::move(_Tp&&) [with _Tp = std::allocator<float>&]	16	static
stl_vector.h:97:2:std::_Vector_base<_Tp, _Alloc>::_Vector_impl::_Vector_impl(std::_Vector_base<_Tp, _Alloc>::_Tp_alloc_type&&) [with _Tp = float; _Alloc = std::allocator<float>]	16	static
stl_vector.h:103:7:void std::_Vector_base<_Tp, _Alloc>::_Vector_impl::_M_swap_data(std::_Vector_base<_Tp, _Alloc>::_Vector_impl&) [with _Tp = float; _Alloc = std::allocator<float>]	16	static
stl_vector.h:88:2:std::_Vector_base<_Tp, _Alloc>::_Vector_impl::_Vector_impl() [with _Tp = std::__cxx11::basic_string<char>; _Alloc = std::allocator<std::__cxx11::basic_string<char> >]	16	static
stl_vector.h:176:7:void std::_Vector_base<_Tp, _Alloc>::_M_deallocate(std::_Vector_base<_Tp, _Alloc>::pointer, std::size_t) [with _Tp = std::__cxx11::basic_string<char>; _Alloc = std::allocator<std::__cxx11::basic_string<char> >]	24	static
stl_construct.h:127:5:void std::_Destroy(_ForwardIterator, _ForwardIterator) [with _ForwardIterator = std::__cxx11::basic_string<char>*]	16	static
new_allocator.h:135:2:) [with _Up = std::__cxx11::basic_string<char>; _Args = {const std::__cxx11::basic_string<char, std::char_traits<char>, std::allocator<char> >&}; _Tp = std::__cxx11::basic_string<char>]	32	static
stl_iterator.h:779:7:__gnu_cxx::__normal_iterator<_Iterator, _Container>::__normal_iterator(const _Iterator&) [with _Iterator = std::__cxx11::basic_string<char>*; _Container = std::vector<std::__cxx11::basic_string<char> >]	16	static
stl_vector.h:1497:7:std::vector<_Tp, _Alloc>::size_type std::vector<_Tp, _Alloc>::_M_check_len(std::vector<_Tp, _Alloc>::size_type, const char*) const [with _Tp = std::__cxx11::basic_string<char>; _Alloc = std::allocator<std::__cxx11::basic_string<char> >]	40	static
stl_vector.h:563:7:std::vector<_Tp, _Alloc>::iterator std::vector<_Tp, _Alloc>::begin() [with _Tp = std::__cxx11::basic_string<char>; _Alloc = std::allocator<std::__cxx11::basic_string<char> >]	24	static
stl_iterator.h:962:5:typename __gnu_cxx::__normal_iterator<_Iterator, _Container>::difference_type __gnu_cxx::operator-(const __gnu_cxx::__normal_iterator<_Iterator, _Container>&, const __gnu_cxx::__normal_iterator<_Iterator, _Container>&) [with _Iterator = std::__cxx11::basic_string<char>*; _Container = std::vector<std::__cxx11::basic_string<char> >]	24	static
stl_vector.h:169:7:std::_Vector_base<_Tp, _Alloc>::pointer std::_Vector_base<_Tp, _Alloc>::_M_allocate(std::size_t) [with _Tp = std::__cxx11::basic_string<char>; _Alloc = std::allocator<std::__cxx11::basic_string<char> >]	16	static
stl_iterator.h:844:7:const _Iterator& __gnu_cxx::__normal_iterator<_Iterator, _Container>::base() const [with _Iterator = std::__cxx11::basic_string<char>*; _Container = std::vector<std::__cxx11::basic_string<char> >]	16	static
stl_uninitialized.h:305:5:_ForwardIterator std::__uninitialized_move_if_noexcept_a(_InputIterator, _InputIterator, _ForwardIterator, _Allocator&) [with _InputIterator = std::__cxx11::basic_string<char>*; _ForwardIterator = std::__cxx11::basic_string<char>*; _Allocator = std::allocator<std::__cxx11::basic_string<char> >]	32	static
alloc_traits.h:504:7:static std::allocator_traits<std::allocator<_CharT> >::allocator_type std::allocator_traits<std::allocator<_CharT> >::select_on_container_copy_construction(const allocator_type&) [with _Tp = float]	16	static
allocator.h:133:7:std::allocator< <template-parameter-1-1> >::allocator(const std::allocator< <template-parameter-1-1> >&) [with _Tp = float]	16	static
stl_iterator.h:779:7:__gnu_cxx::__normal_iterator<_Iterator, _Container>::__normal_iterator(const _Iterator&) [with _Iterator = const float*; _Container = std::vector<float>]	16	static
stl_uninitialized.h:115:5:_ForwardIterator std::uninitialized_copy(_InputIterator, _InputIterator, _ForwardIterator) [with _InputIterator = __gnu_cxx::__normal_iterator<const float*, std::vector<float> >; _ForwardIterator = float*]	32	static
stl_vector.h:123:7:std::_Vector_base<_Tp, _Alloc>::allocator_type std::_Vector_base<_Tp, _Alloc>::get_allocator() const [with _Tp = float; _Alloc = std::allocator<float>]	16	static
stl_vector.h:270:7:std::vector<_Tp, _Alloc>::vector(const allocator_type&) [with _Tp = float; _Alloc = std::allocator<float>]	16	static
alloc_traits.h:543:17:void std::__alloc_on_move(_Alloc&, _Alloc&) [with _Alloc = std::allocator<float>]	24	static
alloc_traits.h:504:7:static std::allocator_traits<std::allocator<_CharT> >::allocator_type std::allocator_traits<std::allocator<_CharT> >::select_on_container_copy_construction(const allocator_type&) [with _Tp = std::vector<float>]	16	static
allocator.h:133:7:std::allocator< <template-parameter-1-1> >::allocator(const std::allocator< <template-parameter-1-1> >&) [with _Tp = std::vector<float>]	16	static
stl_vector.h:92:2:std::_Vector_base<_Tp, _Alloc>::_Vector_impl::_Vector_impl(const _Tp_alloc_type&) [with _Tp = std::vector<float>; _Alloc = std::allocator<std::vector<float> >]	16	static
stl_vector.h:185:7:void std::_Vector_base<_Tp, _Alloc>::_M_create_storage(std::size_t) [with _Tp = std::vector<float>; _Alloc = std::allocator<std::vector<float> >]	16	static
stl_iterator.h:779:7:__gnu_cxx::__normal_iterator<_Iterator, _Container>::__normal_iterator(const _Iterator&) [with _Iterator = const std::vector<float>*; _Container = std::vector<std::vector<float> >]	16	static
stl_uninitialized.h:115:5:_ForwardIterator std::uninitialized_copy(_InputIterator, _InputIterator, _ForwardIterator) [with _InputIterator = __gnu_cxx::__normal_iterator<const std::vector<float>*, std::vector<std::vector<float> > >; _ForwardIterator = std::vector<float>*]	32	static
stl_uninitialized.h:364:5:_ForwardIterator std::__uninitialized_fill_n_a(_ForwardIterator, _Size, const _Tp&, std::allocator<_Tp2>&) [with _ForwardIterator = std::vector<float>*; _Size = unsigned int; _Tp = std::vector<float>; _Tp2 = std::vector<float>]	24	static
stl_vector.h:92:2:std::_Vector_base<_Tp, _Alloc>::_Vector_impl::_Vector_impl(const _Tp_alloc_type&) [with _Tp = std::vector<std::vector<float> >; _Alloc = std::allocator<std::vector<std::vector<float> > >]	16	static
stl_vector.h:185:7:void std::_Vector_base<_Tp, _Alloc>::_M_create_storage(std::size_t) [with _Tp = std::vector<std::vector<float> >; _Alloc = std::allocator<std::vector<std::vector<float> > >]	16	static
stl_vector.h:176:7:void std::_Vector_base<_Tp, _Alloc>::_M_deallocate(std::_Vector_base<_Tp, _Alloc>::pointer, std::size_t) [with _Tp = std::vector<std::vector<float> >; _Alloc = std::allocator<std::vector<std::vector<float> > >]	24	static
stl_uninitialized.h:364:5:_ForwardIterator std::__uninitialized_fill_n_a(_ForwardIterator, _Size, const _Tp&, std::allocator<_Tp2>&) [with _ForwardIterator = std::vector<std::vector<float> >*; _Size = unsigned int; _Tp = std::vector<std::vector<float> >; _Tp2 = std::vector<std::vector<float> >]	24	static
stl_construct.h:127:5:void std::_Destroy(_ForwardIterator, _ForwardIterator) [with _ForwardIterator = std::vector<std::vector<float> >*]	16	static
stl_vector.h:92:2:std::_Vector_base<_Tp, _Alloc>::_Vector_impl::_Vector_impl(const _Tp_alloc_type&) [with _Tp = std::vector<std::vector<std::vector<float> > >; _Alloc = std::allocator<std::vector<std::vector<std::vector<float> > > >]	16	static
stl_vector.h:185:7:void std::_Vector_base<_Tp, _Alloc>::_M_create_storage(std::size_t) [with _Tp = std::vector<std::vector<std::vector<float> > >; _Alloc = std::allocator<std::vector<std::vector<std::vector<float> > > >]	16	static
stl_vector.h:176:7:void std::_Vector_base<_Tp, _Alloc>::_M_deallocate(std::_Vector_base<_Tp, _Alloc>::pointer, std::size_t) [with _Tp = std::vector<std::vector<std::vector<float> > >; _Alloc = std::allocator<std::vector<std::vector<std::vector<float> > > >]	24	static
stl_uninitialized.h:364:5:_ForwardIterator std::__uninitialized_fill_n_a(_ForwardIterator, _Size, const _Tp&, std::allocator<_Tp2>&) [with _ForwardIterator = std::vector<std::vector<std::vector<float> > >*; _Size = unsigned int; _Tp = std::vector<std::vector<std::vector<float> > >; _Tp2 = std::vector<std::vector<std::vector<float> > >]	24	static
stl_construct.h:127:5:void std::_Destroy(_ForwardIterator, _ForwardIterator) [with _ForwardIterator = std::vector<std::vector<std::vector<float> > >*]	16	static
stl_vector.h:88:2:std::_Vector_base<_Tp, _Alloc>::_Vector_impl::_Vector_impl() [with _Tp = std::vector<std::vector<std::vector<float> > >; _Alloc = std::allocator<std::vector<std::vector<std::vector<float> > > >]	16	static
stl_vector.h:88:2:std::_Vector_base<_Tp, _Alloc>::_Vector_impl::_Vector_impl() [with _Tp = std::vector<std::vector<float> >; _Alloc = std::allocator<std::vector<std::vector<float> > >]	16	static
new_allocator.h:135:2:) [with _Up = std::vector<std::vector<float> >; _Args = {const std::vector<std::vector<float, std::allocator<float> >, std::allocator<std::vector<float, std::allocator<float> > > >&}; _Tp = std::vector<std::vector<float> >]	32	static
stl_iterator.h:779:7:__gnu_cxx::__normal_iterator<_Iterator, _Container>::__normal_iterator(const _Iterator&) [with _Iterator = std::vector<std::vector<float> >*; _Container = std::vector<std::vector<std::vector<float> > >]	16	static
stl_vector.h:1497:7:std::vector<_Tp, _Alloc>::size_type std::vector<_Tp, _Alloc>::_M_check_len(std::vector<_Tp, _Alloc>::size_type, const char*) const [with _Tp = std::vector<std::vector<float> >; _Alloc = std::allocator<std::vector<std::vector<float> > >]	40	static
stl_vector.h:563:7:std::vector<_Tp, _Alloc>::iterator std::vector<_Tp, _Alloc>::begin() [with _Tp = std::vector<std::vector<float> >; _Alloc = std::allocator<std::vector<std::vector<float> > >]	24	static
stl_iterator.h:962:5:typename __gnu_cxx::__normal_iterator<_Iterator, _Container>::difference_type __gnu_cxx::operator-(const __gnu_cxx::__normal_iterator<_Iterator, _Container>&, const __gnu_cxx::__normal_iterator<_Iterator, _Container>&) [with _Iterator = std::vector<std::vector<float> >*; _Container = std::vector<std::vector<std::vector<float> > >]	24	static
stl_vector.h:169:7:std::_Vector_base<_Tp, _Alloc>::pointer std::_Vector_base<_Tp, _Alloc>::_M_allocate(std::size_t) [with _Tp = std::vector<std::vector<float> >; _Alloc = std::allocator<std::vector<std::vector<float> > >]	16	static
stl_iterator.h:844:7:const _Iterator& __gnu_cxx::__normal_iterator<_Iterator, _Container>::base() const [with _Iterator = std::vector<std::vector<float> >*; _Container = std::vector<std::vector<std::vector<float> > >]	16	static
stl_uninitialized.h:305:5:_ForwardIterator std::__uninitialized_move_if_noexcept_a(_InputIterator, _InputIterator, _ForwardIterator, _Allocator&) [with _InputIterator = std::vector<std::vector<float> >*; _ForwardIterator = std::vector<std::vector<float> >*; _Allocator = std::allocator<std::vector<std::vector<float> > >]	32	static
new_allocator.h:135:2:) [with _Up = std::vector<std::vector<std::vector<float> > >; _Args = {const std::vector<std::vector<std::vector<float, std::allocator<float> >, std::allocator<std::vector<float, std::allocator<float> > > >, std::allocator<std::vector<std::vector<float, std::allocator<float> >, std::allocator<std::vector<float, std::allocator<float> > > > > >&}; _Tp = std::vector<std::vector<std::vector<float> > >]	32	static
stl_iterator.h:779:7:__gnu_cxx::__normal_iterator<_Iterator, _Container>::__normal_iterator(const _Iterator&) [with _Iterator = std::vector<std::vector<std::vector<float> > >*; _Container = std::vector<std::vector<std::vector<std::vector<float> > > >]	16	static
stl_vector.h:1497:7:std::vector<_Tp, _Alloc>::size_type std::vector<_Tp, _Alloc>::_M_check_len(std::vector<_Tp, _Alloc>::size_type, const char*) const [with _Tp = std::vector<std::vector<std::vector<float> > >; _Alloc = std::allocator<std::vector<std::vector<std::vector<float> > > >]	40	static
stl_vector.h:563:7:std::vector<_Tp, _Alloc>::iterator std::vector<_Tp, _Alloc>::begin() [with _Tp = std::vector<std::vector<std::vector<float> > >; _Alloc = std::allocator<std::vector<std::vector<std::vector<float> > > >]	24	static
stl_iterator.h:962:5:typename __gnu_cxx::__normal_iterator<_Iterator, _Container>::difference_type __gnu_cxx::operator-(const __gnu_cxx::__normal_iterator<_Iterator, _Container>&, const __gnu_cxx::__normal_iterator<_Iterator, _Container>&) [with _Iterator = std::vector<std::vector<std::vector<float> > >*; _Container = std::vector<std::vector<std::vector<std::vector<float> > > >]	24	static
stl_vector.h:169:7:std::_Vector_base<_Tp, _Alloc>::pointer std::_Vector_base<_Tp, _Alloc>::_M_allocate(std::size_t) [with _Tp = std::vector<std::vector<std::vector<float> > >; _Alloc = std::allocator<std::vector<std::vector<std::vector<float> > > >]	16	static
stl_iterator.h:844:7:const _Iterator& __gnu_cxx::__normal_iterator<_Iterator, _Container>::base() const [with _Iterator = std::vector<std::vector<std::vector<float> > >*; _Container = std::vector<std::vector<std::vector<std::vector<float> > > >]	16	static
stl_uninitialized.h:305:5:_ForwardIterator std::__uninitialized_move_if_noexcept_a(_InputIterator, _InputIterator, _ForwardIterator, _Allocator&) [with _InputIterator = std::vector<std::vector<std::vector<float> > >*; _ForwardIterator = std::vector<std::vector<std::vector<float> > >*; _Allocator = std::allocator<std::vector<std::vector<std::vector<float> > > >]	32	static
stl_vector.h:88:2:std::_Vector_base<_Tp, _Alloc>::_Vector_impl::_Vector_impl() [with _Tp = std::vector<int>; _Alloc = std::allocator<std::vector<int> >]	16	static
stl_vector.h:176:7:void std::_Vector_base<_Tp, _Alloc>::_M_deallocate(std::_Vector_base<_Tp, _Alloc>::pointer, std::size_t) [with _Tp = std::vector<int>; _Alloc = std::allocator<std::vector<int> >]	24	static
stl_construct.h:127:5:void std::_Destroy(_ForwardIterator, _ForwardIterator) [with _ForwardIterator = std::vector<int>*]	16	static
stl_vector.h:92:2:std::_Vector_base<_Tp, _Alloc>::_Vector_impl::_Vector_impl(const _Tp_alloc_type&) [with _Tp = int; _Alloc = std::allocator<int>]	16	static
stl_vector.h:185:7:void std::_Vector_base<_Tp, _Alloc>::_M_create_storage(std::size_t) [with _Tp = int; _Alloc = std::allocator<int>]	16	static
stl_vector.h:176:7:void std::_Vector_base<_Tp, _Alloc>::_M_deallocate(std::_Vector_base<_Tp, _Alloc>::pointer, std::size_t) [with _Tp = int; _Alloc = std::allocator<int>]	24	static
stl_uninitialized.h:364:5:_ForwardIterator std::__uninitialized_fill_n_a(_ForwardIterator, _Size, const _Tp&, std::allocator<_Tp2>&) [with _ForwardIterator = int*; _Size = unsigned int; _Tp = int; _Tp2 = int]	24	static
stl_construct.h:127:5:void std::_Destroy(_ForwardIterator, _ForwardIterator) [with _ForwardIterator = int*]	16	static
new_allocator.h:135:2:) [with _Up = std::vector<int>; _Args = {const std::vector<int, std::allocator<int> >&}; _Tp = std::vector<int>]	32	static
stl_iterator.h:779:7:__gnu_cxx::__normal_iterator<_Iterator, _Container>::__normal_iterator(const _Iterator&) [with _Iterator = std::vector<int>*; _Container = std::vector<std::vector<int> >]	16	static
stl_vector.h:1497:7:std::vector<_Tp, _Alloc>::size_type std::vector<_Tp, _Alloc>::_M_check_len(std::vector<_Tp, _Alloc>::size_type, const char*) const [with _Tp = std::vector<int>; _Alloc = std::allocator<std::vector<int> >]	40	static
stl_vector.h:563:7:std::vector<_Tp, _Alloc>::iterator std::vector<_Tp, _Alloc>::begin() [with _Tp = std::vector<int>; _Alloc = std::allocator<std::vector<int> >]	24	static
stl_iterator.h:962:5:typename __gnu_cxx::__normal_iterator<_Iterator, _Container>::difference_type __gnu_cxx::operator-(const __gnu_cxx::__normal_iterator<_Iterator, _Container>&, const __gnu_cxx::__normal_iterator<_Iterator, _Container>&) [with _Iterator = std::vector<int>*; _Container = std::vector<std::vector<int> >]	24	static
stl_vector.h:169:7:std::_Vector_base<_Tp, _Alloc>::pointer std::_Vector_base<_Tp, _Alloc>::_M_allocate(std::size_t) [with _Tp = std::vector<int>; _Alloc = std::allocator<std::vector<int> >]	16	static
stl_iterator.h:844:7:const _Iterator& __gnu_cxx::__normal_iterator<_Iterator, _Container>::base() const [with _Iterator = std::vector<int>*; _Container = std::vector<std::vector<int> >]	16	static
stl_uninitialized.h:305:5:_ForwardIterator std::__uninitialized_move_if_noexcept_a(_InputIterator, _InputIterator, _ForwardIterator, _Allocator&) [with _InputIterator = std::vector<int>*; _ForwardIterator = std::vector<int>*; _Allocator = std::allocator<std::vector<int> >]	32	static
alloc_traits.h:461:7:static void std::allocator_traits<std::allocator<_CharT> >::deallocate(std::allocator_traits<std::allocator<_CharT> >::allocator_type&, std::allocator_traits<std::allocator<_CharT> >::pointer, std::allocator_traits<std::allocator<_CharT> >::size_type) [with _Tp = std::vector<float>]	24	static
move.h:47:5:constexpr _Tp* std::__addressof(_Tp&) [with _Tp = std::vector<float>]	16	static
stl_construct.h:105:9:static void std::_Destroy_aux<<anonymous> >::__destroy(_ForwardIterator, _ForwardIterator) [with _ForwardIterator = std::vector<float>*; bool <anonymous> = false]	16	static
alloc_traits.h:461:7:static void std::allocator_traits<std::allocator<_CharT> >::deallocate(std::allocator_traits<std::allocator<_CharT> >::allocator_type&, std::allocator_traits<std::allocator<_CharT> >::pointer, std::allocator_traits<std::allocator<_CharT> >::size_type) [with _Tp = float]	24	static
stl_construct.h:117:9:static void std::_Destroy_aux<true>::__destroy(_ForwardIterator, _ForwardIterator) [with _ForwardIterator = float*]	16	static
stl_vector.h:675:7:std::vector<_Tp, _Alloc>::size_type std::vector<_Tp, _Alloc>::max_size() const [with _Tp = float; _Alloc = std::allocator<float>]	16	static
stl_algobase.h:219:5:constexpr const _Tp& std::max(const _Tp&, const _Tp&) [with _Tp = unsigned int]	16	static
alloc_traits.h:435:7:static _Tp* std::allocator_traits<std::allocator<_CharT> >::allocate(std::allocator_traits<std::allocator<_CharT> >::allocator_type&, std::allocator_traits<std::allocator<_CharT> >::size_type) [with _Tp = float]	16	static
stl_iterator.h:1221:5:_ReturnType std::__make_move_if_noexcept_iterator(_Tp*) [with _Tp = float; _ReturnType = std::move_iterator<float*>]	24	static
stl_uninitialized.h:287:5:_ForwardIterator std::__uninitialized_copy_a(_InputIterator, _InputIterator, _ForwardIterator, std::allocator<_Tp>&) [with _InputIterator = std::move_iterator<float*>; _ForwardIterator = float*; _Tp = float]	24	static
stl_vector.h:675:7:std::vector<_Tp, _Alloc>::size_type std::vector<_Tp, _Alloc>::max_size() const [with _Tp = std::vector<float>; _Alloc = std::allocator<std::vector<float> >]	16	static
alloc_traits.h:435:7:static _Tp* std::allocator_traits<std::allocator<_CharT> >::allocate(std::allocator_traits<std::allocator<_CharT> >::allocator_type&, std::allocator_traits<std::allocator<_CharT> >::size_type) [with _Tp = std::vector<float>]	16	static
stl_iterator.h:1221:5:_ReturnType std::__make_move_if_noexcept_iterator(_Tp*) [with _Tp = std::vector<float>; _ReturnType = std::move_iterator<std::vector<float>*>]	24	static
stl_uninitialized.h:287:5:_ForwardIterator std::__uninitialized_copy_a(_InputIterator, _InputIterator, _ForwardIterator, std::allocator<_Tp>&) [with _InputIterator = std::move_iterator<std::vector<float>*>; _ForwardIterator = std::vector<float>*; _Tp = std::vector<float>]	24	static
move.h:98:5:constexpr typename std::remove_reference< <template-parameter-1-1> >::type&& std::move(_Tp&&) [with _Tp = std::vector<float>*&]	16	static
move.h:187:5:typename std::enable_if<std::__and_<std::__not_<std::__is_tuple_like<_Tp> >, std::is_move_constructible<_Tp>, std::is_move_assignable<_Tp> >::value>::type std::swap(_Tp&, _Tp&) [with _Tp = std::vector<float>*]	24	static
stl_uninitialized.h:244:5:_ForwardIterator std::uninitialized_fill_n(_ForwardIterator, _Size, const _Tp&) [with _ForwardIterator = float*; _Size = unsigned int; _Tp = float]	32	static
move.h:98:5:constexpr typename std::remove_reference< <template-parameter-1-1> >::type&& std::move(_Tp&&) [with _Tp = float*&]	16	static
move.h:187:5:typename std::enable_if<std::__and_<std::__not_<std::__is_tuple_like<_Tp> >, std::is_move_constructible<_Tp>, std::is_move_assignable<_Tp> >::value>::type std::swap(_Tp&, _Tp&) [with _Tp = float*]	24	static
allocator.h:131:7:std::allocator< <template-parameter-1-1> >::allocator() [with _Tp = std::__cxx11::basic_string<char>]	16	static
alloc_traits.h:461:7:static void std::allocator_traits<std::allocator<_CharT> >::deallocate(std::allocator_traits<std::allocator<_CharT> >::allocator_type&, std::allocator_traits<std::allocator<_CharT> >::pointer, std::allocator_traits<std::allocator<_CharT> >::size_type) [with _Tp = std::__cxx11::basic_string<char>]	24	static
move.h:47:5:constexpr _Tp* std::__addressof(_Tp&) [with _Tp = std::__cxx11::basic_string<char>]	16	static
stl_construct.h:105:9:static void std::_Destroy_aux<<anonymous> >::__destroy(_ForwardIterator, _ForwardIterator) [with _ForwardIterator = std::__cxx11::basic_string<char>*; bool <anonymous> = false]	16	static
stl_vector.h:675:7:std::vector<_Tp, _Alloc>::size_type std::vector<_Tp, _Alloc>::max_size() const [with _Tp = std::__cxx11::basic_string<char>; _Alloc = std::allocator<std::__cxx11::basic_string<char> >]	16	static
stl_vector.h:670:7:std::vector<_Tp, _Alloc>::size_type std::vector<_Tp, _Alloc>::size() const [with _Tp = std::__cxx11::basic_string<char>; _Alloc = std::allocator<std::__cxx11::basic_string<char> >]	16	static
alloc_traits.h:435:7:static _Tp* std::allocator_traits<std::allocator<_CharT> >::allocate(std::allocator_traits<std::allocator<_CharT> >::allocator_type&, std::allocator_traits<std::allocator<_CharT> >::size_type) [with _Tp = std::__cxx11::basic_string<char>]	16	static
stl_iterator.h:1221:5:_ReturnType std::__make_move_if_noexcept_iterator(_Tp*) [with _Tp = std::__cxx11::basic_string<char>; _ReturnType = std::move_iterator<std::__cxx11::basic_string<char>*>]	24	static
stl_uninitialized.h:287:5:_ForwardIterator std::__uninitialized_copy_a(_InputIterator, _InputIterator, _ForwardIterator, std::allocator<_Tp>&) [with _InputIterator = std::move_iterator<std::__cxx11::basic_string<char>*>; _ForwardIterator = std::__cxx11::basic_string<char>*; _Tp = std::__cxx11::basic_string<char>]	24	static
new_allocator.h:81:7:__gnu_cxx::new_allocator<_Tp>::new_allocator(const __gnu_cxx::new_allocator<_Tp>&) [with _Tp = float]	16	static
stl_uninitialized.h:99:9:static _ForwardIterator std::__uninitialized_copy<true>::__uninit_copy(_InputIterator, _InputIterator, _ForwardIterator) [with _InputIterator = __gnu_cxx::__normal_iterator<const float*, std::vector<float> >; _ForwardIterator = float*]	24	static
stl_vector.h:129:7:std::_Vector_base<_Tp, _Alloc>::_Vector_base(const allocator_type&) [with _Tp = float; _Alloc = std::allocator<float>]	16	static
alloc_traits.h:535:17:void std::__do_alloc_on_move(_Alloc&, _Alloc&, std::true_type) [with _Alloc = std::allocator<float>]	24	static
new_allocator.h:81:7:__gnu_cxx::new_allocator<_Tp>::new_allocator(const __gnu_cxx::new_allocator<_Tp>&) [with _Tp = std::vector<float>]	16	static
stl_uninitialized.h:76:9:static _ForwardIterator std::__uninitialized_copy<_TrivialValueTypes>::__uninit_copy(_InputIterator, _InputIterator, _ForwardIterator) [with _InputIterator = __gnu_cxx::__normal_iterator<const std::vector<float>*, std::vector<std::vector<float> > >; _ForwardIterator = std::vector<float>*; bool _TrivialValueTypes = false]	40	static
stl_uninitialized.h:244:5:_ForwardIterator std::uninitialized_fill_n(_ForwardIterator, _Size, const _Tp&) [with _ForwardIterator = std::vector<float>*; _Size = unsigned int; _Tp = std::vector<float>]	32	static
allocator.h:133:7:std::allocator< <template-parameter-1-1> >::allocator(const std::allocator< <template-parameter-1-1> >&) [with _Tp = std::vector<std::vector<float> >]	16	static
alloc_traits.h:461:7:static void std::allocator_traits<std::allocator<_CharT> >::deallocate(std::allocator_traits<std::allocator<_CharT> >::allocator_type&, std::allocator_traits<std::allocator<_CharT> >::pointer, std::allocator_traits<std::allocator<_CharT> >::size_type) [with _Tp = std::vector<std::vector<float> >]	24	static
stl_uninitialized.h:244:5:_ForwardIterator std::uninitialized_fill_n(_ForwardIterator, _Size, const _Tp&) [with _ForwardIterator = std::vector<std::vector<float> >*; _Size = unsigned int; _Tp = std::vector<std::vector<float> >]	32	static
move.h:47:5:constexpr _Tp* std::__addressof(_Tp&) [with _Tp = std::vector<std::vector<float> >]	16	static
stl_construct.h:105:9:static void std::_Destroy_aux<<anonymous> >::__destroy(_ForwardIterator, _ForwardIterator) [with _ForwardIterator = std::vector<std::vector<float> >*; bool <anonymous> = false]	16	static
allocator.h:133:7:std::allocator< <template-parameter-1-1> >::allocator(const std::allocator< <template-parameter-1-1> >&) [with _Tp = std::vector<std::vector<std::vector<float> > >]	16	static
alloc_traits.h:461:7:static void std::allocator_traits<std::allocator<_CharT> >::deallocate(std::allocator_traits<std::allocator<_CharT> >::allocator_type&, std::allocator_traits<std::allocator<_CharT> >::pointer, std::allocator_traits<std::allocator<_CharT> >::size_type) [with _Tp = std::vector<std::vector<std::vector<float> > >]	24	static
stl_uninitialized.h:244:5:_ForwardIterator std::uninitialized_fill_n(_ForwardIterator, _Size, const _Tp&) [with _ForwardIterator = std::vector<std::vector<std::vector<float> > >*; _Size = unsigned int; _Tp = std::vector<std::vector<std::vector<float> > >]	32	static
move.h:47:5:constexpr _Tp* std::__addressof(_Tp&) [with _Tp = std::vector<std::vector<std::vector<float> > >]	16	static
stl_construct.h:105:9:static void std::_Destroy_aux<<anonymous> >::__destroy(_ForwardIterator, _ForwardIterator) [with _ForwardIterator = std::vector<std::vector<std::vector<float> > >*; bool <anonymous> = false]	16	static
stl_vector.h:675:7:std::vector<_Tp, _Alloc>::size_type std::vector<_Tp, _Alloc>::max_size() const [with _Tp = std::vector<std::vector<float> >; _Alloc = std::allocator<std::vector<std::vector<float> > >]	16	static
stl_vector.h:670:7:std::vector<_Tp, _Alloc>::size_type std::vector<_Tp, _Alloc>::size() const [with _Tp = std::vector<std::vector<float> >; _Alloc = std::allocator<std::vector<std::vector<float> > >]	16	static
alloc_traits.h:435:7:static _Tp* std::allocator_traits<std::allocator<_CharT> >::allocate(std::allocator_traits<std::allocator<_CharT> >::allocator_type&, std::allocator_traits<std::allocator<_CharT> >::size_type) [with _Tp = std::vector<std::vector<float> >]	16	static
stl_iterator.h:1221:5:_ReturnType std::__make_move_if_noexcept_iterator(_Tp*) [with _Tp = std::vector<std::vector<float> >; _ReturnType = std::move_iterator<std::vector<std::vector<float> >*>]	24	static
stl_uninitialized.h:287:5:_ForwardIterator std::__uninitialized_copy_a(_InputIterator, _InputIterator, _ForwardIterator, std::allocator<_Tp>&) [with _InputIterator = std::move_iterator<std::vector<std::vector<float> >*>; _ForwardIterator = std::vector<std::vector<float> >*; _Tp = std::vector<std::vector<float> >]	24	static
stl_vector.h:326:7:std::vector<_Tp, _Alloc>::vector(const std::vector<_Tp, _Alloc>&) [with _Tp = std::vector<std::vector<float> >; _Alloc = std::allocator<std::vector<std::vector<float> > >]	40	static
stl_vector.h:675:7:std::vector<_Tp, _Alloc>::size_type std::vector<_Tp, _Alloc>::max_size() const [with _Tp = std::vector<std::vector<std::vector<float> > >; _Alloc = std::allocator<std::vector<std::vector<std::vector<float> > > >]	16	static
stl_vector.h:670:7:std::vector<_Tp, _Alloc>::size_type std::vector<_Tp, _Alloc>::size() const [with _Tp = std::vector<std::vector<std::vector<float> > >; _Alloc = std::allocator<std::vector<std::vector<std::vector<float> > > >]	16	static
alloc_traits.h:435:7:static _Tp* std::allocator_traits<std::allocator<_CharT> >::allocate(std::allocator_traits<std::allocator<_CharT> >::allocator_type&, std::allocator_traits<std::allocator<_CharT> >::size_type) [with _Tp = std::vector<std::vector<std::vector<float> > >]	16	static
stl_iterator.h:1221:5:_ReturnType std::__make_move_if_noexcept_iterator(_Tp*) [with _Tp = std::vector<std::vector<std::vector<float> > >; _ReturnType = std::move_iterator<std::vector<std::vector<std::vector<float> > >*>]	24	static
stl_uninitialized.h:287:5:_ForwardIterator std::__uninitialized_copy_a(_InputIterator, _InputIterator, _ForwardIterator, std::allocator<_Tp>&) [with _InputIterator = std::move_iterator<std::vector<std::vector<std::vector<float> > >*>; _ForwardIterator = std::vector<std::vector<std::vector<float> > >*; _Tp = std::vector<std::vector<std::vector<float> > >]	24	static
allocator.h:131:7:std::allocator< <template-parameter-1-1> >::allocator() [with _Tp = std::vector<int>]	16	static
alloc_traits.h:461:7:static void std::allocator_traits<std::allocator<_CharT> >::deallocate(std::allocator_traits<std::allocator<_CharT> >::allocator_type&, std::allocator_traits<std::allocator<_CharT> >::pointer, std::allocator_traits<std::allocator<_CharT> >::size_type) [with _Tp = std::vector<int>]	24	static
move.h:47:5:constexpr _Tp* std::__addressof(_Tp&) [with _Tp = std::vector<int>]	16	static
stl_construct.h:105:9:static void std::_Destroy_aux<<anonymous> >::__destroy(_ForwardIterator, _ForwardIterator) [with _ForwardIterator = std::vector<int>*; bool <anonymous> = false]	16	static
allocator.h:133:7:std::allocator< <template-parameter-1-1> >::allocator(const std::allocator< <template-parameter-1-1> >&) [with _Tp = int]	16	static
stl_vector.h:169:7:std::_Vector_base<_Tp, _Alloc>::pointer std::_Vector_base<_Tp, _Alloc>::_M_allocate(std::size_t) [with _Tp = int; _Alloc = std::allocator<int>]	16	static
alloc_traits.h:461:7:static void std::allocator_traits<std::allocator<_CharT> >::deallocate(std::allocator_traits<std::allocator<_CharT> >::allocator_type&, std::allocator_traits<std::allocator<_CharT> >::pointer, std::allocator_traits<std::allocator<_CharT> >::size_type) [with _Tp = int]	24	static
stl_uninitialized.h:244:5:_ForwardIterator std::uninitialized_fill_n(_ForwardIterator, _Size, const _Tp&) [with _ForwardIterator = int*; _Size = unsigned int; _Tp = int]	32	static
stl_construct.h:117:9:static void std::_Destroy_aux<true>::__destroy(_ForwardIterator, _ForwardIterator) [with _ForwardIterator = int*]	16	static
stl_vector.h:326:7:std::vector<_Tp, _Alloc>::vector(const std::vector<_Tp, _Alloc>&) [with _Tp = int; _Alloc = std::allocator<int>]	40	static
stl_vector.h:675:7:std::vector<_Tp, _Alloc>::size_type std::vector<_Tp, _Alloc>::max_size() const [with _Tp = std::vector<int>; _Alloc = std::allocator<std::vector<int> >]	16	static
stl_vector.h:670:7:std::vector<_Tp, _Alloc>::size_type std::vector<_Tp, _Alloc>::size() const [with _Tp = std::vector<int>; _Alloc = std::allocator<std::vector<int> >]	16	static
alloc_traits.h:435:7:static _Tp* std::allocator_traits<std::allocator<_CharT> >::allocate(std::allocator_traits<std::allocator<_CharT> >::allocator_type&, std::allocator_traits<std::allocator<_CharT> >::size_type) [with _Tp = std::vector<int>]	16	static
stl_iterator.h:1221:5:_ReturnType std::__make_move_if_noexcept_iterator(_Tp*) [with _Tp = std::vector<int>; _ReturnType = std::move_iterator<std::vector<int>*>]	24	static
stl_uninitialized.h:287:5:_ForwardIterator std::__uninitialized_copy_a(_InputIterator, _InputIterator, _ForwardIterator, std::allocator<_Tp>&) [with _InputIterator = std::move_iterator<std::vector<int>*>; _ForwardIterator = std::vector<int>*; _Tp = std::vector<int>]	24	static
new_allocator.h:116:7:void __gnu_cxx::new_allocator<_Tp>::deallocate(__gnu_cxx::new_allocator<_Tp>::pointer, __gnu_cxx::new_allocator<_Tp>::size_type) [with _Tp = std::vector<float>]	24	static
stl_construct.h:97:5:void std::_Destroy(_Tp*) [with _Tp = std::vector<float>]	16	static
new_allocator.h:116:7:void __gnu_cxx::new_allocator<_Tp>::deallocate(__gnu_cxx::new_allocator<_Tp>::pointer, __gnu_cxx::new_allocator<_Tp>::size_type) [with _Tp = float]	24	static
alloc_traits.h:495:7:static std::allocator_traits<std::allocator<_CharT> >::size_type std::allocator_traits<std::allocator<_CharT> >::max_size(const allocator_type&) [with _Tp = float]	16	static
new_allocator.h:99:7:_Tp* __gnu_cxx::new_allocator<_Tp>::allocate(__gnu_cxx::new_allocator<_Tp>::size_type, const void*) [with _Tp = float]	24	static
stl_iterator.h:1036:7:std::move_iterator<_Iterator>::move_iterator(std::move_iterator<_Iterator>::iterator_type) [with _Iterator = float*]	16	static
stl_uninitialized.h:115:5:_ForwardIterator std::uninitialized_copy(_InputIterator, _InputIterator, _ForwardIterator) [with _InputIterator = std::move_iterator<float*>; _ForwardIterator = float*]	32	static
alloc_traits.h:495:7:static std::allocator_traits<std::allocator<_CharT> >::size_type std::allocator_traits<std::allocator<_CharT> >::max_size(const allocator_type&) [with _Tp = std::vector<float>]	16	static
new_allocator.h:99:7:_Tp* __gnu_cxx::new_allocator<_Tp>::allocate(__gnu_cxx::new_allocator<_Tp>::size_type, const void*) [with _Tp = std::vector<float>]	24	static
stl_iterator.h:1036:7:std::move_iterator<_Iterator>::move_iterator(std::move_iterator<_Iterator>::iterator_type) [with _Iterator = std::vector<float>*]	16	static
stl_uninitialized.h:115:5:_ForwardIterator std::uninitialized_copy(_InputIterator, _InputIterator, _ForwardIterator) [with _InputIterator = std::move_iterator<std::vector<float>*>; _ForwardIterator = std::vector<float>*]	32	static
stl_uninitialized.h:226:9:static _ForwardIterator std::__uninitialized_fill_n<true>::__uninit_fill_n(_ForwardIterator, _Size, const _Tp&) [with _ForwardIterator = float*; _Size = unsigned int; _Tp = float]	24	static
new_allocator.h:79:7:__gnu_cxx::new_allocator<_Tp>::new_allocator() [with _Tp = std::__cxx11::basic_string<char>]	16	static
new_allocator.h:116:7:void __gnu_cxx::new_allocator<_Tp>::deallocate(__gnu_cxx::new_allocator<_Tp>::pointer, __gnu_cxx::new_allocator<_Tp>::size_type) [with _Tp = std::__cxx11::basic_string<char>]	24	static
stl_construct.h:97:5:void std::_Destroy(_Tp*) [with _Tp = std::__cxx11::basic_string<char>]	16	static
alloc_traits.h:495:7:static std::allocator_traits<std::allocator<_CharT> >::size_type std::allocator_traits<std::allocator<_CharT> >::max_size(const allocator_type&) [with _Tp = std::__cxx11::basic_string<char>]	16	static
stl_vector.h:119:7:const _Tp_alloc_type& std::_Vector_base<_Tp, _Alloc>::_M_get_Tp_allocator() const [with _Tp = std::__cxx11::basic_string<char>; _Alloc = std::allocator<std::__cxx11::basic_string<char> >]	16	static
new_allocator.h:99:7:_Tp* __gnu_cxx::new_allocator<_Tp>::allocate(__gnu_cxx::new_allocator<_Tp>::size_type, const void*) [with _Tp = std::__cxx11::basic_string<char>]	24	static
stl_iterator.h:1036:7:std::move_iterator<_Iterator>::move_iterator(std::move_iterator<_Iterator>::iterator_type) [with _Iterator = std::__cxx11::basic_string<char>*]	16	static
stl_uninitialized.h:115:5:_ForwardIterator std::uninitialized_copy(_InputIterator, _InputIterator, _ForwardIterator) [with _InputIterator = std::move_iterator<std::__cxx11::basic_string<char>*>; _ForwardIterator = std::__cxx11::basic_string<char>*]	32	static
stl_algobase.h:446:5:_OI std::copy(_II, _II, _OI) [with _II = __gnu_cxx::__normal_iterator<const float*, std::vector<float> >; _OI = float*]	32	static
stl_iterator.h:880:5:bool __gnu_cxx::operator!=(const __gnu_cxx::__normal_iterator<_Iterator, _Container>&, const __gnu_cxx::__normal_iterator<_Iterator, _Container>&) [with _Iterator = const std::vector<float>*; _Container = std::vector<std::vector<float> >]	24	static
stl_iterator.h:800:7:__gnu_cxx::__normal_iterator<_Iterator, _Container>& __gnu_cxx::__normal_iterator<_Iterator, _Container>::operator++() [with _Iterator = const std::vector<float>*; _Container = std::vector<std::vector<float> >]	16	static
stl_iterator.h:792:7:__gnu_cxx::__normal_iterator<_Iterator, _Container>::reference __gnu_cxx::__normal_iterator<_Iterator, _Container>::operator*() const [with _Iterator = const std::vector<float>*; _Container = std::vector<std::vector<float> >]	16	static
stl_construct.h:74:5:) [with _T1 = std::vector<float>; _Args = {const std::vector<float, std::allocator<float> >&}]	24	static
stl_uninitialized.h:203:9:static _ForwardIterator std::__uninitialized_fill_n<_TrivialValueType>::__uninit_fill_n(_ForwardIterator, _Size, const _Tp&) [with _ForwardIterator = std::vector<float>*; _Size = unsigned int; _Tp = std::vector<float>; bool _TrivialValueType = false]	32	static
new_allocator.h:81:7:__gnu_cxx::new_allocator<_Tp>::new_allocator(const __gnu_cxx::new_allocator<_Tp>&) [with _Tp = std::vector<std::vector<float> >]	16	static
new_allocator.h:116:7:void __gnu_cxx::new_allocator<_Tp>::deallocate(__gnu_cxx::new_allocator<_Tp>::pointer, __gnu_cxx::new_allocator<_Tp>::size_type) [with _Tp = std::vector<std::vector<float> >]	24	static
stl_uninitialized.h:203:9:static _ForwardIterator std::__uninitialized_fill_n<_TrivialValueType>::__uninit_fill_n(_ForwardIterator, _Size, const _Tp&) [with _ForwardIterator = std::vector<std::vector<float> >*; _Size = unsigned int; _Tp = std::vector<std::vector<float> >; bool _TrivialValueType = false]	32	static
stl_construct.h:97:5:void std::_Destroy(_Tp*) [with _Tp = std::vector<std::vector<float> >]	16	static
new_allocator.h:81:7:__gnu_cxx::new_allocator<_Tp>::new_allocator(const __gnu_cxx::new_allocator<_Tp>&) [with _Tp = std::vector<std::vector<std::vector<float> > >]	16	static
new_allocator.h:116:7:void __gnu_cxx::new_allocator<_Tp>::deallocate(__gnu_cxx::new_allocator<_Tp>::pointer, __gnu_cxx::new_allocator<_Tp>::size_type) [with _Tp = std::vector<std::vector<std::vector<float> > >]	24	static
stl_uninitialized.h:203:9:static _ForwardIterator std::__uninitialized_fill_n<_TrivialValueType>::__uninit_fill_n(_ForwardIterator, _Size, const _Tp&) [with _ForwardIterator = std::vector<std::vector<std::vector<float> > >*; _Size = unsigned int; _Tp = std::vector<std::vector<std::vector<float> > >; bool _TrivialValueType = false]	32	static
stl_construct.h:97:5:void std::_Destroy(_Tp*) [with _Tp = std::vector<std::vector<std::vector<float> > >]	16	static
alloc_traits.h:495:7:static std::allocator_traits<std::allocator<_CharT> >::size_type std::allocator_traits<std::allocator<_CharT> >::max_size(const allocator_type&) [with _Tp = std::vector<std::vector<float> >]	16	static
stl_vector.h:119:7:const _Tp_alloc_type& std::_Vector_base<_Tp, _Alloc>::_M_get_Tp_allocator() const [with _Tp = std::vector<std::vector<float> >; _Alloc = std::allocator<std::vector<std::vector<float> > >]	16	static
new_allocator.h:99:7:_Tp* __gnu_cxx::new_allocator<_Tp>::allocate(__gnu_cxx::new_allocator<_Tp>::size_type, const void*) [with _Tp = std::vector<std::vector<float> >]	24	static
stl_iterator.h:1036:7:std::move_iterator<_Iterator>::move_iterator(std::move_iterator<_Iterator>::iterator_type) [with _Iterator = std::vector<std::vector<float> >*]	16	static
stl_uninitialized.h:115:5:_ForwardIterator std::uninitialized_copy(_InputIterator, _InputIterator, _ForwardIterator) [with _InputIterator = std::move_iterator<std::vector<std::vector<float> >*>; _ForwardIterator = std::vector<std::vector<float> >*]	32	static
alloc_traits.h:94:19:static _Alloc __gnu_cxx::__alloc_traits<_Alloc>::_S_select_on_copy(const _Alloc&) [with _Alloc = std::allocator<std::vector<std::vector<float> > >]	16	static
stl_vector.h:572:7:std::vector<_Tp, _Alloc>::const_iterator std::vector<_Tp, _Alloc>::begin() const [with _Tp = std::vector<std::vector<float> >; _Alloc = std::allocator<std::vector<std::vector<float> > >]	24	static
stl_vector.h:590:7:std::vector<_Tp, _Alloc>::const_iterator std::vector<_Tp, _Alloc>::end() const [with _Tp = std::vector<std::vector<float> >; _Alloc = std::allocator<std::vector<std::vector<float> > >]	24	static
stl_uninitialized.h:287:5:_ForwardIterator std::__uninitialized_copy_a(_InputIterator, _InputIterator, _ForwardIterator, std::allocator<_Tp>&) [with _InputIterator = __gnu_cxx::__normal_iterator<const std::vector<std::vector<float> >*, std::vector<std::vector<std::vector<float> > > >; _ForwardIterator = std::vector<std::vector<float> >*; _Tp = std::vector<std::vector<float> >]	24	static
alloc_traits.h:495:7:static std::allocator_traits<std::allocator<_CharT> >::size_type std::allocator_traits<std::allocator<_CharT> >::max_size(const allocator_type&) [with _Tp = std::vector<std::vector<std::vector<float> > >]	16	static
stl_vector.h:119:7:const _Tp_alloc_type& std::_Vector_base<_Tp, _Alloc>::_M_get_Tp_allocator() const [with _Tp = std::vector<std::vector<std::vector<float> > >; _Alloc = std::allocator<std::vector<std::vector<std::vector<float> > > >]	16	static
new_allocator.h:99:7:_Tp* __gnu_cxx::new_allocator<_Tp>::allocate(__gnu_cxx::new_allocator<_Tp>::size_type, const void*) [with _Tp = std::vector<std::vector<std::vector<float> > >]	24	static
stl_iterator.h:1036:7:std::move_iterator<_Iterator>::move_iterator(std::move_iterator<_Iterator>::iterator_type) [with _Iterator = std::vector<std::vector<std::vector<float> > >*]	16	static
stl_uninitialized.h:115:5:_ForwardIterator std::uninitialized_copy(_InputIterator, _InputIterator, _ForwardIterator) [with _InputIterator = std::move_iterator<std::vector<std::vector<std::vector<float> > >*>; _ForwardIterator = std::vector<std::vector<std::vector<float> > >*]	32	static
new_allocator.h:79:7:__gnu_cxx::new_allocator<_Tp>::new_allocator() [with _Tp = std::vector<int>]	16	static
new_allocator.h:116:7:void __gnu_cxx::new_allocator<_Tp>::deallocate(__gnu_cxx::new_allocator<_Tp>::pointer, __gnu_cxx::new_allocator<_Tp>::size_type) [with _Tp = std::vector<int>]	24	static
stl_construct.h:97:5:void std::_Destroy(_Tp*) [with _Tp = std::vector<int>]	16	static
new_allocator.h:81:7:__gnu_cxx::new_allocator<_Tp>::new_allocator(const __gnu_cxx::new_allocator<_Tp>&) [with _Tp = int]	16	static
alloc_traits.h:435:7:static _Tp* std::allocator_traits<std::allocator<_CharT> >::allocate(std::allocator_traits<std::allocator<_CharT> >::allocator_type&, std::allocator_traits<std::allocator<_CharT> >::size_type) [with _Tp = int]	16	static
new_allocator.h:116:7:void __gnu_cxx::new_allocator<_Tp>::deallocate(__gnu_cxx::new_allocator<_Tp>::pointer, __gnu_cxx::new_allocator<_Tp>::size_type) [with _Tp = int]	24	static
stl_uninitialized.h:226:9:static _ForwardIterator std::__uninitialized_fill_n<true>::__uninit_fill_n(_ForwardIterator, _Size, const _Tp&) [with _ForwardIterator = int*; _Size = unsigned int; _Tp = int]	24	static
stl_vector.h:670:7:std::vector<_Tp, _Alloc>::size_type std::vector<_Tp, _Alloc>::size() const [with _Tp = int; _Alloc = std::allocator<int>]	16	static
alloc_traits.h:94:19:static _Alloc __gnu_cxx::__alloc_traits<_Alloc>::_S_select_on_copy(const _Alloc&) [with _Alloc = std::allocator<int>]	16	static
stl_vector.h:119:7:const _Tp_alloc_type& std::_Vector_base<_Tp, _Alloc>::_M_get_Tp_allocator() const [with _Tp = int; _Alloc = std::allocator<int>]	16	static
stl_vector.h:572:7:std::vector<_Tp, _Alloc>::const_iterator std::vector<_Tp, _Alloc>::begin() const [with _Tp = int; _Alloc = std::allocator<int>]	24	static
stl_vector.h:590:7:std::vector<_Tp, _Alloc>::const_iterator std::vector<_Tp, _Alloc>::end() const [with _Tp = int; _Alloc = std::allocator<int>]	24	static
stl_uninitialized.h:287:5:_ForwardIterator std::__uninitialized_copy_a(_InputIterator, _InputIterator, _ForwardIterator, std::allocator<_Tp>&) [with _InputIterator = __gnu_cxx::__normal_iterator<const int*, std::vector<int> >; _ForwardIterator = int*; _Tp = int]	24	static
alloc_traits.h:495:7:static std::allocator_traits<std::allocator<_CharT> >::size_type std::allocator_traits<std::allocator<_CharT> >::max_size(const allocator_type&) [with _Tp = std::vector<int>]	16	static
stl_vector.h:119:7:const _Tp_alloc_type& std::_Vector_base<_Tp, _Alloc>::_M_get_Tp_allocator() const [with _Tp = std::vector<int>; _Alloc = std::allocator<std::vector<int> >]	16	static
new_allocator.h:99:7:_Tp* __gnu_cxx::new_allocator<_Tp>::allocate(__gnu_cxx::new_allocator<_Tp>::size_type, const void*) [with _Tp = std::vector<int>]	24	static
stl_iterator.h:1036:7:std::move_iterator<_Iterator>::move_iterator(std::move_iterator<_Iterator>::iterator_type) [with _Iterator = std::vector<int>*]	16	static
stl_uninitialized.h:115:5:_ForwardIterator std::uninitialized_copy(_InputIterator, _InputIterator, _ForwardIterator) [with _InputIterator = std::move_iterator<std::vector<int>*>; _ForwardIterator = std::vector<int>*]	32	static
new_allocator.h:129:7:__gnu_cxx::new_allocator<_Tp>::size_type __gnu_cxx::new_allocator<_Tp>::max_size() const [with _Tp = float]	16	static
stl_uninitialized.h:99:9:static _ForwardIterator std::__uninitialized_copy<true>::__uninit_copy(_InputIterator, _InputIterator, _ForwardIterator) [with _InputIterator = std::move_iterator<float*>; _ForwardIterator = float*]	24	static
new_allocator.h:129:7:__gnu_cxx::new_allocator<_Tp>::size_type __gnu_cxx::new_allocator<_Tp>::max_size() const [with _Tp = std::vector<float>]	16	static
stl_uninitialized.h:76:9:static _ForwardIterator std::__uninitialized_copy<_TrivialValueTypes>::__uninit_copy(_InputIterator, _InputIterator, _ForwardIterator) [with _InputIterator = std::move_iterator<std::vector<float>*>; _ForwardIterator = std::vector<float>*; bool _TrivialValueTypes = false]	40	static
stl_algobase.h:784:5:_OI std::fill_n(_OI, _Size, const _Tp&) [with _OI = float*; _Size = unsigned int; _Tp = float]	24	static
new_allocator.h:129:7:__gnu_cxx::new_allocator<_Tp>::size_type __gnu_cxx::new_allocator<_Tp>::max_size() const [with _Tp = std::__cxx11::basic_string<char>]	16	static
stl_uninitialized.h:76:9:static _ForwardIterator std::__uninitialized_copy<_TrivialValueTypes>::__uninit_copy(_InputIterator, _InputIterator, _ForwardIterator) [with _InputIterator = std::move_iterator<std::__cxx11::basic_string<char>*>; _ForwardIterator = std::__cxx11::basic_string<char>*; bool _TrivialValueTypes = false]	40	static
cpp_type_traits.h:408:5:_Iterator std::__miter_base(_Iterator) [with _Iterator = __gnu_cxx::__normal_iterator<const float*, std::vector<float> >]	16	static
stl_algobase.h:420:5:_OI std::__copy_move_a2(_II, _II, _OI) [with bool _IsMove = false; _II = __gnu_cxx::__normal_iterator<const float*, std::vector<float> >; _OI = float*]	32	static
stl_iterator.h:844:7:const _Iterator& __gnu_cxx::__normal_iterator<_Iterator, _Container>::base() const [with _Iterator = const std::vector<float>*; _Container = std::vector<std::vector<float> >]	16	static
stl_construct.h:74:5:) [with _T1 = std::vector<std::vector<float> >; _Args = {const std::vector<std::vector<float, std::allocator<float> >, std::allocator<std::vector<float, std::allocator<float> > > >&}]	24	static
stl_construct.h:74:5:) [with _T1 = std::vector<std::vector<std::vector<float> > >; _Args = {const std::vector<std::vector<std::vector<float, std::allocator<float> >, std::allocator<std::vector<float, std::allocator<float> > > >, std::allocator<std::vector<std::vector<float, std::allocator<float> >, std::allocator<std::vector<float, std::allocator<float> > > > > >&}]	24	static
new_allocator.h:129:7:__gnu_cxx::new_allocator<_Tp>::size_type __gnu_cxx::new_allocator<_Tp>::max_size() const [with _Tp = std::vector<std::vector<float> >]	16	static
stl_uninitialized.h:76:9:static _ForwardIterator std::__uninitialized_copy<_TrivialValueTypes>::__uninit_copy(_InputIterator, _InputIterator, _ForwardIterator) [with _InputIterator = std::move_iterator<std::vector<std::vector<float> >*>; _ForwardIterator = std::vector<std::vector<float> >*; bool _TrivialValueTypes = false]	40	static
alloc_traits.h:504:7:static std::allocator_traits<std::allocator<_CharT> >::allocator_type std::allocator_traits<std::allocator<_CharT> >::select_on_container_copy_construction(const allocator_type&) [with _Tp = std::vector<std::vector<float> >]	16	static
stl_iterator.h:779:7:__gnu_cxx::__normal_iterator<_Iterator, _Container>::__normal_iterator(const _Iterator&) [with _Iterator = const std::vector<std::vector<float> >*; _Container = std::vector<std::vector<std::vector<float> > >]	16	static
stl_uninitialized.h:115:5:_ForwardIterator std::uninitialized_copy(_InputIterator, _InputIterator, _ForwardIterator) [with _InputIterator = __gnu_cxx::__normal_iterator<const std::vector<std::vector<float> >*, std::vector<std::vector<std::vector<float> > > >; _ForwardIterator = std::vector<std::vector<float> >*]	32	static
new_allocator.h:129:7:__gnu_cxx::new_allocator<_Tp>::size_type __gnu_cxx::new_allocator<_Tp>::max_size() const [with _Tp = std::vector<std::vector<std::vector<float> > >]	16	static
stl_uninitialized.h:76:9:static _ForwardIterator std::__uninitialized_copy<_TrivialValueTypes>::__uninit_copy(_InputIterator, _InputIterator, _ForwardIterator) [with _InputIterator = std::move_iterator<std::vector<std::vector<std::vector<float> > >*>; _ForwardIterator = std::vector<std::vector<std::vector<float> > >*; bool _TrivialValueTypes = false]	40	static
new_allocator.h:99:7:_Tp* __gnu_cxx::new_allocator<_Tp>::allocate(__gnu_cxx::new_allocator<_Tp>::size_type, const void*) [with _Tp = int]	24	static
stl_algobase.h:784:5:_OI std::fill_n(_OI, _Size, const _Tp&) [with _OI = int*; _Size = unsigned int; _Tp = int]	24	static
alloc_traits.h:504:7:static std::allocator_traits<std::allocator<_CharT> >::allocator_type std::allocator_traits<std::allocator<_CharT> >::select_on_container_copy_construction(const allocator_type&) [with _Tp = int]	16	static
stl_iterator.h:779:7:__gnu_cxx::__normal_iterator<_Iterator, _Container>::__normal_iterator(const _Iterator&) [with _Iterator = const int*; _Container = std::vector<int>]	16	static
stl_uninitialized.h:115:5:_ForwardIterator std::uninitialized_copy(_InputIterator, _InputIterator, _ForwardIterator) [with _InputIterator = __gnu_cxx::__normal_iterator<const int*, std::vector<int> >; _ForwardIterator = int*]	32	static
new_allocator.h:129:7:__gnu_cxx::new_allocator<_Tp>::size_type __gnu_cxx::new_allocator<_Tp>::max_size() const [with _Tp = std::vector<int>]	16	static
stl_uninitialized.h:76:9:static _ForwardIterator std::__uninitialized_copy<_TrivialValueTypes>::__uninit_copy(_InputIterator, _InputIterator, _ForwardIterator) [with _InputIterator = std::move_iterator<std::vector<int>*>; _ForwardIterator = std::vector<int>*; bool _TrivialValueTypes = false]	40	static
stl_algobase.h:446:5:_OI std::copy(_II, _II, _OI) [with _II = std::move_iterator<float*>; _OI = float*]	32	static
stl_iterator.h:1136:5:bool std::operator!=(const std::move_iterator<_IteratorL>&, const std::move_iterator<_IteratorL>&) [with _Iterator = std::vector<float>*]	16	static
stl_iterator.h:1057:7:std::move_iterator<_Iterator>& std::move_iterator<_Iterator>::operator++() [with _Iterator = std::vector<float>*]	16	static
stl_iterator.h:1049:7:std::move_iterator<_Iterator>::reference std::move_iterator<_Iterator>::operator*() const [with _Iterator = std::vector<float>*]	16	static
move.h:73:5:constexpr _Tp&& std::forward(typename std::remove_reference<_From>::type&) [with _Tp = std::vector<float>]	16	static
stl_construct.h:74:5:) [with _T1 = std::vector<float>; _Args = {std::vector<float, std::allocator<float> >}]	24	static
stl_algobase.h:277:5:_Iterator std::__niter_base(_Iterator) [with _Iterator = float*]	16	static
stl_algobase.h:749:5:typename __gnu_cxx::__enable_if<std::__is_scalar<_Tp>::__value, _OutputIterator>::__type std::__fill_n_a(_OutputIterator, _Size, const _Tp&) [with _OutputIterator = float*; _Size = unsigned int; _Tp = float]	32	static
stl_iterator.h:1136:5:bool std::operator!=(const std::move_iterator<_IteratorL>&, const std::move_iterator<_IteratorL>&) [with _Iterator = std::__cxx11::basic_string<char>*]	16	static
stl_iterator.h:1057:7:std::move_iterator<_Iterator>& std::move_iterator<_Iterator>::operator++() [with _Iterator = std::__cxx11::basic_string<char>*]	16	static
stl_iterator.h:1049:7:std::move_iterator<_Iterator>::reference std::move_iterator<_Iterator>::operator*() const [with _Iterator = std::__cxx11::basic_string<char>*]	16	static
move.h:73:5:constexpr _Tp&& std::forward(typename std::remove_reference<_From>::type&) [with _Tp = std::__cxx11::basic_string<char>]	16	static
stl_construct.h:74:5:) [with _T1 = std::__cxx11::basic_string<char>; _Args = {std::__cxx11::basic_string<char, std::char_traits<char>, std::allocator<char> >}]	24	static
stl_iterator.h:983:5:_Iterator std::__niter_base(__gnu_cxx::__normal_iterator<_Iterator, _Container>) [with _Iterator = const float*; _Container = std::vector<float>]	16	static
stl_algobase.h:375:5:_OI std::__copy_move_a(_II, _II, _OI) [with bool _IsMove = false; _II = const float*; _OI = float*]	32	static
stl_iterator.h:1136:5:bool std::operator!=(const std::move_iterator<_IteratorL>&, const std::move_iterator<_IteratorL>&) [with _Iterator = std::vector<std::vector<float> >*]	16	static
stl_iterator.h:1057:7:std::move_iterator<_Iterator>& std::move_iterator<_Iterator>::operator++() [with _Iterator = std::vector<std::vector<float> >*]	16	static
stl_iterator.h:1049:7:std::move_iterator<_Iterator>::reference std::move_iterator<_Iterator>::operator*() const [with _Iterator = std::vector<std::vector<float> >*]	16	static
move.h:73:5:constexpr _Tp&& std::forward(typename std::remove_reference<_From>::type&) [with _Tp = std::vector<std::vector<float> >]	16	static
stl_construct.h:74:5:) [with _T1 = std::vector<std::vector<float> >; _Args = {std::vector<std::vector<float, std::allocator<float> >, std::allocator<std::vector<float, std::allocator<float> > > >}]	24	static
stl_uninitialized.h:76:9:static _ForwardIterator std::__uninitialized_copy<_TrivialValueTypes>::__uninit_copy(_InputIterator, _InputIterator, _ForwardIterator) [with _InputIterator = __gnu_cxx::__normal_iterator<const std::vector<std::vector<float> >*, std::vector<std::vector<std::vector<float> > > >; _ForwardIterator = std::vector<std::vector<float> >*; bool _TrivialValueTypes = false]	40	static
stl_iterator.h:1136:5:bool std::operator!=(const std::move_iterator<_IteratorL>&, const std::move_iterator<_IteratorL>&) [with _Iterator = std::vector<std::vector<std::vector<float> > >*]	16	static
stl_iterator.h:1057:7:std::move_iterator<_Iterator>& std::move_iterator<_Iterator>::operator++() [with _Iterator = std::vector<std::vector<std::vector<float> > >*]	16	static
stl_iterator.h:1049:7:std::move_iterator<_Iterator>::reference std::move_iterator<_Iterator>::operator*() const [with _Iterator = std::vector<std::vector<std::vector<float> > >*]	16	static
move.h:73:5:constexpr _Tp&& std::forward(typename std::remove_reference<_From>::type&) [with _Tp = std::vector<std::vector<std::vector<float> > >]	16	static
stl_construct.h:74:5:) [with _T1 = std::vector<std::vector<std::vector<float> > >; _Args = {std::vector<std::vector<std::vector<float, std::allocator<float> >, std::allocator<std::vector<float, std::allocator<float> > > >, std::allocator<std::vector<std::vector<float, std::allocator<float> >, std::allocator<std::vector<float, std::allocator<float> > > > > >}]	24	static
new_allocator.h:129:7:__gnu_cxx::new_allocator<_Tp>::size_type __gnu_cxx::new_allocator<_Tp>::max_size() const [with _Tp = int]	16	static
stl_algobase.h:277:5:_Iterator std::__niter_base(_Iterator) [with _Iterator = int*]	16	static
stl_algobase.h:749:5:typename __gnu_cxx::__enable_if<std::__is_scalar<_Tp>::__value, _OutputIterator>::__type std::__fill_n_a(_OutputIterator, _Size, const _Tp&) [with _OutputIterator = int*; _Size = unsigned int; _Tp = int]	32	static
stl_uninitialized.h:99:9:static _ForwardIterator std::__uninitialized_copy<true>::__uninit_copy(_InputIterator, _InputIterator, _ForwardIterator) [with _InputIterator = __gnu_cxx::__normal_iterator<const int*, std::vector<int> >; _ForwardIterator = int*]	24	static
stl_iterator.h:1136:5:bool std::operator!=(const std::move_iterator<_IteratorL>&, const std::move_iterator<_IteratorL>&) [with _Iterator = std::vector<int>*]	16	static
stl_iterator.h:1057:7:std::move_iterator<_Iterator>& std::move_iterator<_Iterator>::operator++() [with _Iterator = std::vector<int>*]	16	static
stl_iterator.h:1049:7:std::move_iterator<_Iterator>::reference std::move_iterator<_Iterator>::operator*() const [with _Iterator = std::vector<int>*]	16	static
move.h:73:5:constexpr _Tp&& std::forward(typename std::remove_reference<_From>::type&) [with _Tp = std::vector<int>]	16	static
stl_construct.h:74:5:) [with _T1 = std::vector<int>; _Args = {std::vector<int, std::allocator<int> >}]	24	static
stl_iterator.h:1241:5:base())) std::__miter_base(std::move_iterator<_IteratorL>) [with _Iterator = float*]	16	static
stl_algobase.h:420:5:_OI std::__copy_move_a2(_II, _II, _OI) [with bool _IsMove = true; _II = float*; _OI = float*]	32	static
stl_iterator.h:1124:5:bool std::operator==(const std::move_iterator<_IteratorL>&, const std::move_iterator<_IteratorL>&) [with _Iterator = std::vector<float>*]	24	static
stl_iterator.h:1124:5:bool std::operator==(const std::move_iterator<_IteratorL>&, const std::move_iterator<_IteratorL>&) [with _Iterator = std::__cxx11::basic_string<char>*]	24	static
stl_iterator.h:844:7:const _Iterator& __gnu_cxx::__normal_iterator<_Iterator, _Container>::base() const [with _Iterator = const float*; _Container = std::vector<float>]	16	static
stl_algobase.h:357:9:static _Tp* std::__copy_move<_IsMove, true, std::random_access_iterator_tag>::__copy_m(const _Tp*, const _Tp*, _Tp*) [with _Tp = float; bool _IsMove = false]	32	static
stl_iterator.h:1124:5:bool std::operator==(const std::move_iterator<_IteratorL>&, const std::move_iterator<_IteratorL>&) [with _Iterator = std::vector<std::vector<float> >*]	24	static
stl_iterator.h:880:5:bool __gnu_cxx::operator!=(const __gnu_cxx::__normal_iterator<_Iterator, _Container>&, const __gnu_cxx::__normal_iterator<_Iterator, _Container>&) [with _Iterator = const std::vector<std::vector<float> >*; _Container = std::vector<std::vector<std::vector<float> > >]	24	static
stl_iterator.h:800:7:__gnu_cxx::__normal_iterator<_Iterator, _Container>& __gnu_cxx::__normal_iterator<_Iterator, _Container>::operator++() [with _Iterator = const std::vector<std::vector<float> >*; _Container = std::vector<std::vector<std::vector<float> > >]	16	static
stl_iterator.h:792:7:__gnu_cxx::__normal_iterator<_Iterator, _Container>::reference __gnu_cxx::__normal_iterator<_Iterator, _Container>::operator*() const [with _Iterator = const std::vector<std::vector<float> >*; _Container = std::vector<std::vector<std::vector<float> > >]	16	static
stl_iterator.h:1124:5:bool std::operator==(const std::move_iterator<_IteratorL>&, const std::move_iterator<_IteratorL>&) [with _Iterator = std::vector<std::vector<std::vector<float> > >*]	24	static
move.h:98:5:constexpr typename std::remove_reference< <template-parameter-1-1> >::type&& std::move(_Tp&&) [with _Tp = std::vector<std::vector<std::vector<float> > >&]	16	static
stl_vector.h:344:7:std::vector<_Tp, _Alloc>::vector(std::vector<_Tp, _Alloc>&&) [with _Tp = std::vector<std::vector<float> >; _Alloc = std::allocator<std::vector<std::vector<float> > >]	24	static
stl_algobase.h:446:5:_OI std::copy(_II, _II, _OI) [with _II = __gnu_cxx::__normal_iterator<const int*, std::vector<int> >; _OI = int*]	32	static
stl_iterator.h:1124:5:bool std::operator==(const std::move_iterator<_IteratorL>&, const std::move_iterator<_IteratorL>&) [with _Iterator = std::vector<int>*]	24	static
move.h:98:5:constexpr typename std::remove_reference< <template-parameter-1-1> >::type&& std::move(_Tp&&) [with _Tp = std::vector<int>&]	16	static
stl_vector.h:344:7:std::vector<_Tp, _Alloc>::vector(std::vector<_Tp, _Alloc>&&) [with _Tp = int; _Alloc = std::allocator<int>]	24	static
stl_iterator.h:1045:7:std::move_iterator<_Iterator>::iterator_type std::move_iterator<_Iterator>::base() const [with _Iterator = float*]	16	static
cpp_type_traits.h:408:5:_Iterator std::__miter_base(_Iterator) [with _Iterator = float*]	16	static
stl_algobase.h:375:5:_OI std::__copy_move_a(_II, _II, _OI) [with bool _IsMove = true; _II = float*; _OI = float*]	32	static
stl_iterator.h:1045:7:std::move_iterator<_Iterator>::iterator_type std::move_iterator<_Iterator>::base() const [with _Iterator = std::vector<float>*]	16	static
stl_iterator.h:1045:7:std::move_iterator<_Iterator>::iterator_type std::move_iterator<_Iterator>::base() const [with _Iterator = std::__cxx11::basic_string<char>*]	16	static
stl_iterator.h:1045:7:std::move_iterator<_Iterator>::iterator_type std::move_iterator<_Iterator>::base() const [with _Iterator = std::vector<std::vector<float> >*]	16	static
stl_iterator.h:844:7:const _Iterator& __gnu_cxx::__normal_iterator<_Iterator, _Container>::base() const [with _Iterator = const std::vector<std::vector<float> >*; _Container = std::vector<std::vector<std::vector<float> > >]	16	static
stl_iterator.h:1045:7:std::move_iterator<_Iterator>::iterator_type std::move_iterator<_Iterator>::base() const [with _Iterator = std::vector<std::vector<std::vector<float> > >*]	16	static
stl_vector.h:144:7:std::_Vector_base<_Tp, _Alloc>::_Vector_base(std::_Vector_base<_Tp, _Alloc>&&) [with _Tp = std::vector<std::vector<float> >; _Alloc = std::allocator<std::vector<std::vector<float> > >]	24	static
cpp_type_traits.h:408:5:_Iterator std::__miter_base(_Iterator) [with _Iterator = __gnu_cxx::__normal_iterator<const int*, std::vector<int> >]	16	static
stl_algobase.h:420:5:_OI std::__copy_move_a2(_II, _II, _OI) [with bool _IsMove = false; _II = __gnu_cxx::__normal_iterator<const int*, std::vector<int> >; _OI = int*]	32	static
stl_iterator.h:1045:7:std::move_iterator<_Iterator>::iterator_type std::move_iterator<_Iterator>::base() const [with _Iterator = std::vector<int>*]	16	static
stl_vector.h:144:7:std::_Vector_base<_Tp, _Alloc>::_Vector_base(std::_Vector_base<_Tp, _Alloc>&&) [with _Tp = int; _Alloc = std::allocator<int>]	24	static
stl_algobase.h:357:9:static _Tp* std::__copy_move<_IsMove, true, std::random_access_iterator_tag>::__copy_m(const _Tp*, const _Tp*, _Tp*) [with _Tp = float; bool _IsMove = true]	32	static
move.h:98:5:constexpr typename std::remove_reference< <template-parameter-1-1> >::type&& std::move(_Tp&&) [with _Tp = std::allocator<std::vector<std::vector<float> > >&]	16	static
stl_vector.h:97:2:std::_Vector_base<_Tp, _Alloc>::_Vector_impl::_Vector_impl(std::_Vector_base<_Tp, _Alloc>::_Tp_alloc_type&&) [with _Tp = std::vector<std::vector<float> >; _Alloc = std::allocator<std::vector<std::vector<float> > >]	16	static
stl_vector.h:103:7:void std::_Vector_base<_Tp, _Alloc>::_Vector_impl::_M_swap_data(std::_Vector_base<_Tp, _Alloc>::_Vector_impl&) [with _Tp = std::vector<std::vector<float> >; _Alloc = std::allocator<std::vector<std::vector<float> > >]	16	static
stl_iterator.h:983:5:_Iterator std::__niter_base(__gnu_cxx::__normal_iterator<_Iterator, _Container>) [with _Iterator = const int*; _Container = std::vector<int>]	16	static
stl_algobase.h:375:5:_OI std::__copy_move_a(_II, _II, _OI) [with bool _IsMove = false; _II = const int*; _OI = int*]	32	static
move.h:98:5:constexpr typename std::remove_reference< <template-parameter-1-1> >::type&& std::move(_Tp&&) [with _Tp = std::allocator<int>&]	16	static
stl_vector.h:97:2:std::_Vector_base<_Tp, _Alloc>::_Vector_impl::_Vector_impl(std::_Vector_base<_Tp, _Alloc>::_Tp_alloc_type&&) [with _Tp = int; _Alloc = std::allocator<int>]	16	static
stl_vector.h:103:7:void std::_Vector_base<_Tp, _Alloc>::_Vector_impl::_M_swap_data(std::_Vector_base<_Tp, _Alloc>::_Vector_impl&) [with _Tp = int; _Alloc = std::allocator<int>]	16	static
move.h:98:5:constexpr typename std::remove_reference< <template-parameter-1-1> >::type&& std::move(_Tp&&) [with _Tp = std::vector<std::vector<float> >*&]	16	static
move.h:187:5:typename std::enable_if<std::__and_<std::__not_<std::__is_tuple_like<_Tp> >, std::is_move_constructible<_Tp>, std::is_move_assignable<_Tp> >::value>::type std::swap(_Tp&, _Tp&) [with _Tp = std::vector<std::vector<float> >*]	24	static
stl_iterator.h:844:7:const _Iterator& __gnu_cxx::__normal_iterator<_Iterator, _Container>::base() const [with _Iterator = const int*; _Container = std::vector<int>]	16	static
stl_algobase.h:357:9:static _Tp* std::__copy_move<_IsMove, true, std::random_access_iterator_tag>::__copy_m(const _Tp*, const _Tp*, _Tp*) [with _Tp = int; bool _IsMove = false]	32	static
move.h:98:5:constexpr typename std::remove_reference< <template-parameter-1-1> >::type&& std::move(_Tp&&) [with _Tp = int*&]	16	static
move.h:187:5:typename std::enable_if<std::__and_<std::__not_<std::__is_tuple_like<_Tp> >, std::is_move_constructible<_Tp>, std::is_move_assignable<_Tp> >::value>::type std::swap(_Tp&, _Tp&) [with _Tp = int*]	24	static
file_loading.cpp:219:1:void __static_initialization_and_destruction_0(int, int)	16	static
file_loading.cpp:219:1:cpp)	8	static
file_loading.cpp:219:1:cpp)	8	static
